Archive member included to satisfy reference by file (symbol)

c:/altera/16.0/nios2eds/bin/gnu/h-x86_64-mingw32/bin/../lib/gcc/nios2-elf/5.2.0/../../../../../H-x86_64-mingw32/nios2-elf/lib/mhw-mulx\libc.a(lib_a-memcpy.o)
                              obj/default/seven_seg_hex.o (memcpy)
C:/Users/ssoria01/Documents/InterruptsNIOS_bsp/\libhal_bsp.a(alt_irq_register.o)
                              obj/default/InterruptDemo.o (alt_irq_register)
C:/Users/ssoria01/Documents/InterruptsNIOS_bsp/\libhal_bsp.a(alt_irq_vars.o)
                              C:/Users/ssoria01/Documents/InterruptsNIOS_bsp/\libhal_bsp.a(alt_irq_register.o) (alt_irq_active)
C:/Users/ssoria01/Documents/InterruptsNIOS_bsp/\libhal_bsp.a(alt_load.o)
                              C:/Users/ssoria01/Documents/InterruptsNIOS_bsp//obj/HAL/src/crt0.o (alt_load)
C:/Users/ssoria01/Documents/InterruptsNIOS_bsp/\libhal_bsp.a(alt_main.o)
                              C:/Users/ssoria01/Documents/InterruptsNIOS_bsp//obj/HAL/src/crt0.o (alt_main)
C:/Users/ssoria01/Documents/InterruptsNIOS_bsp/\libhal_bsp.a(alt_sys_init.o)
                              C:/Users/ssoria01/Documents/InterruptsNIOS_bsp/\libhal_bsp.a(alt_main.o) (alt_irq_init)
C:/Users/ssoria01/Documents/InterruptsNIOS_bsp/\libhal_bsp.a(altera_avalon_jtag_uart_fd.o)
                              C:/Users/ssoria01/Documents/InterruptsNIOS_bsp/\libhal_bsp.a(alt_sys_init.o) (altera_avalon_jtag_uart_read_fd)
C:/Users/ssoria01/Documents/InterruptsNIOS_bsp/\libhal_bsp.a(altera_avalon_jtag_uart_init.o)
                              C:/Users/ssoria01/Documents/InterruptsNIOS_bsp/\libhal_bsp.a(alt_sys_init.o) (altera_avalon_jtag_uart_init)
C:/Users/ssoria01/Documents/InterruptsNIOS_bsp/\libhal_bsp.a(altera_avalon_jtag_uart_ioctl.o)
                              C:/Users/ssoria01/Documents/InterruptsNIOS_bsp/\libhal_bsp.a(altera_avalon_jtag_uart_fd.o) (altera_avalon_jtag_uart_ioctl)
C:/Users/ssoria01/Documents/InterruptsNIOS_bsp/\libhal_bsp.a(altera_avalon_jtag_uart_read.o)
                              C:/Users/ssoria01/Documents/InterruptsNIOS_bsp/\libhal_bsp.a(altera_avalon_jtag_uart_fd.o) (altera_avalon_jtag_uart_read)
C:/Users/ssoria01/Documents/InterruptsNIOS_bsp/\libhal_bsp.a(altera_avalon_jtag_uart_write.o)
                              C:/Users/ssoria01/Documents/InterruptsNIOS_bsp/\libhal_bsp.a(altera_avalon_jtag_uart_fd.o) (altera_avalon_jtag_uart_write)
C:/Users/ssoria01/Documents/InterruptsNIOS_bsp/\libhal_bsp.a(altera_avalon_timer_sc.o)
                              C:/Users/ssoria01/Documents/InterruptsNIOS_bsp/\libhal_bsp.a(alt_sys_init.o) (alt_avalon_timer_sc_init)
C:/Users/ssoria01/Documents/InterruptsNIOS_bsp/\libhal_bsp.a(altera_up_avalon_character_lcd.o)
                              C:/Users/ssoria01/Documents/InterruptsNIOS_bsp/\libhal_bsp.a(alt_sys_init.o) (alt_up_character_lcd_init)
C:/Users/ssoria01/Documents/InterruptsNIOS_bsp/\libhal_bsp.a(altera_up_avalon_irda.o)
                              C:/Users/ssoria01/Documents/InterruptsNIOS_bsp/\libhal_bsp.a(alt_sys_init.o) (alt_up_irda_read_fd)
C:/Users/ssoria01/Documents/InterruptsNIOS_bsp/\libhal_bsp.a(altera_up_avalon_ps2.o)
                              C:/Users/ssoria01/Documents/InterruptsNIOS_bsp/\libhal_bsp.a(alt_sys_init.o) (alt_up_ps2_init)
C:/Users/ssoria01/Documents/InterruptsNIOS_bsp/\libhal_bsp.a(altera_up_avalon_rs232.o)
                              C:/Users/ssoria01/Documents/InterruptsNIOS_bsp/\libhal_bsp.a(alt_sys_init.o) (alt_up_rs232_read_fd)
C:/Users/ssoria01/Documents/InterruptsNIOS_bsp/\libhal_bsp.a(alt_alarm_start.o)
                              C:/Users/ssoria01/Documents/InterruptsNIOS_bsp/\libhal_bsp.a(altera_avalon_jtag_uart_init.o) (alt_alarm_start)
C:/Users/ssoria01/Documents/InterruptsNIOS_bsp/\libhal_bsp.a(alt_close.o)
                              C:/Users/ssoria01/Documents/InterruptsNIOS_bsp/\libhal_bsp.a(alt_main.o) (close)
C:/Users/ssoria01/Documents/InterruptsNIOS_bsp/\libhal_bsp.a(alt_dcache_flush_all.o)
                              C:/Users/ssoria01/Documents/InterruptsNIOS_bsp/\libhal_bsp.a(alt_load.o) (alt_dcache_flush_all)
C:/Users/ssoria01/Documents/InterruptsNIOS_bsp/\libhal_bsp.a(alt_dev.o)
                              C:/Users/ssoria01/Documents/InterruptsNIOS_bsp/\libhal_bsp.a(alt_sys_init.o) (alt_dev_list)
C:/Users/ssoria01/Documents/InterruptsNIOS_bsp/\libhal_bsp.a(alt_dev_llist_insert.o)
                              C:/Users/ssoria01/Documents/InterruptsNIOS_bsp/\libhal_bsp.a(alt_sys_init.o) (alt_dev_llist_insert)
C:/Users/ssoria01/Documents/InterruptsNIOS_bsp/\libhal_bsp.a(alt_do_ctors.o)
                              C:/Users/ssoria01/Documents/InterruptsNIOS_bsp/\libhal_bsp.a(alt_main.o) (_do_ctors)
C:/Users/ssoria01/Documents/InterruptsNIOS_bsp/\libhal_bsp.a(alt_do_dtors.o)
                              C:/Users/ssoria01/Documents/InterruptsNIOS_bsp/\libhal_bsp.a(alt_main.o) (_do_dtors)
[...]
Memory Configuration

Name             Origin             Length             Attributes
reset            0x0000000000000000 0x0000000000000020
SDRAM            0x0000000000000020 0x0000000003ffffe0
VGA_Subsystem_Char_Buf_Subsystem_Onchip_SRAM 0x0000000009000000 0x0000000000002000
*default*        0x0000000000000000 0xffffffffffffffff

Linker script and memory map

LOAD C:/Users/ssoria01/Documents/InterruptsNIOS_bsp//obj/HAL/src/crt0.o
LOAD obj/default/HexDisplay.o
LOAD obj/default/InterruptDemo.o
LOAD obj/default/buttonISR.o
LOAD obj/default/lcd.o
LOAD obj/default/seven_seg_bcd.o
LOAD obj/default/seven_seg_hex.o
LOAD obj/default/timerISR.o
LOAD c:/altera/16.0/nios2eds/bin/gnu/h-x86_64-mingw32/bin/../lib/gcc/nios2-elf/5.2.0/../../../../../H-x86_64-mingw32/nios2-elf/lib/mhw-mulx\libstdc++.a
LOAD c:/altera/16.0/nios2eds/bin/gnu/h-x86_64-mingw32/bin/../lib/gcc/nios2-elf/5.2.0/../../../../../H-x86_64-mingw32/nios2-elf/lib/mhw-mulx\libm.a
LOAD c:/altera/16.0/nios2eds/bin/gnu/h-x86_64-mingw32/bin/../lib/gcc/nios2-elf/5.2.0/mhw-mulx\libgcc.a
START GROUP
LOAD c:/altera/16.0/nios2eds/bin/gnu/h-x86_64-mingw32/bin/../lib/gcc/nios2-elf/5.2.0/../../../../../H-x86_64-mingw32/nios2-elf/lib/mhw-mulx\libc.a
LOAD c:/altera/16.0/nios2eds/bin/gnu/h-x86_64-mingw32/bin/../lib/gcc/nios2-elf/5.2.0/mhw-mulx\libgcc.a
LOAD C:/Users/ssoria01/Documents/InterruptsNIOS_bsp/\libhal_bsp.a
LOAD c:/altera/16.0/nios2eds/bin/gnu/h-x86_64-mingw32/bin/../lib/gcc/nios2-elf/5.2.0/../../../../../H-x86_64-mingw32/nios2-elf/lib/mhw-mulx\libm.a
END GROUP
LOAD c:/altera/16.0/nios2eds/bin/gnu/h-x86_64-mingw32/bin/../lib/gcc/nios2-elf/5.2.0/mhw-mulx\libgcc.a
                0x0000000000000000                __alt_mem_SDRAM = 0x0
                0x0000000009000000                __alt_mem_VGA_Subsystem_Char_Buf_Subsystem_Onchip_SRAM = 0x9000000

.entry          0x0000000000000000       0x20
 *(.entry)
 .entry         0x0000000000000000       0x20 C:/Users/ssoria01/Documents/InterruptsNIOS_bsp//obj/HAL/src/crt0.o
                0x0000000000000000                __reset

.exceptions     0x0000000000000020      0x228
                0x0000000000000020                PROVIDE (__ram_exceptions_start, ABSOLUTE (.))
                0x0000000000000020                . = ALIGN (0x20)
 *(.irq)
 *(.exceptions.entry.label)
 .exceptions.entry.label
                0x0000000000000020        0x0 C:/Users/ssoria01/Documents/InterruptsNIOS_bsp/\libhal_bsp.a(alt_irq_entry.o)
                0x0000000000000020                alt_irq_entry
 .exceptions.entry.label
                0x0000000000000020        0x0 C:/Users/ssoria01/Documents/InterruptsNIOS_bsp/\libhal_bsp.a(alt_exception_entry.o)
                0x0000000000000020                alt_exception
 *(.exceptions.entry.user)
 *(.exceptions.entry.ecc_fatal)
 *(.exceptions.entry)
 .exceptions.entry
                0x0000000000000020       0x54 C:/Users/ssoria01/Documents/InterruptsNIOS_bsp/\libhal_bsp.a(alt_exception_entry.o)
 *(.exceptions.irqtest.user)
 *(.exceptions.irqtest)
 .exceptions.irqtest
                0x0000000000000074       0x10 C:/Users/ssoria01/Documents/InterruptsNIOS_bsp/\libhal_bsp.a(alt_irq_entry.o)
 *(.exceptions.irqhandler.user)
 *(.exceptions.irqhandler)
 .exceptions.irqhandler
                0x0000000000000084        0x4 C:/Users/ssoria01/Documents/InterruptsNIOS_bsp/\libhal_bsp.a(alt_irq_entry.o)
 *(.exceptions.irqreturn.user)
 *(.exceptions.irqreturn)
 .exceptions.irqreturn
                0x0000000000000088        0x4 C:/Users/ssoria01/Documents/InterruptsNIOS_bsp/\libhal_bsp.a(alt_irq_entry.o)
 *(.exceptions.notirq.label)
 .exceptions.notirq.label
                0x000000000000008c        0x0 C:/Users/ssoria01/Documents/InterruptsNIOS_bsp/\libhal_bsp.a(alt_irq_entry.o)
 *(.exceptions.notirq.user)
 *(.exceptions.notirq)
 .exceptions.notirq
                0x000000000000008c        0x8 C:/Users/ssoria01/Documents/InterruptsNIOS_bsp/\libhal_bsp.a(alt_exception_entry.o)
 *(.exceptions.soft.user)
 *(.exceptions.soft)
 *(.exceptions.unknown.user)
 *(.exceptions.unknown)
 .exceptions.unknown
                0x0000000000000094       0x14 C:/Users/ssoria01/Documents/InterruptsNIOS_bsp/\libhal_bsp.a(alt_exception_entry.o)
 *(.exceptions.exit.label)
 .exceptions.exit.label
                0x00000000000000a8        0x0 C:/Users/ssoria01/Documents/InterruptsNIOS_bsp/\libhal_bsp.a(alt_irq_entry.o)
 .exceptions.exit.label
                0x00000000000000a8        0x0 C:/Users/ssoria01/Documents/InterruptsNIOS_bsp/\libhal_bsp.a(alt_exception_entry.o)
 *(.exceptions.exit.user)
 *(.exceptions.exit)
 .exceptions.exit
                0x00000000000000a8       0x54 C:/Users/ssoria01/Documents/InterruptsNIOS_bsp/\libhal_bsp.a(alt_exception_entry.o)
 *(.exceptions)
 .exceptions    0x00000000000000fc       0xd8 C:/Users/ssoria01/Documents/InterruptsNIOS_bsp/\libhal_bsp.a(alt_irq_handler.o)
                0x00000000000000fc                alt_irq_handler
 .exceptions    0x00000000000001d4       0x74 C:/Users/ssoria01/Documents/InterruptsNIOS_bsp/\libhal_bsp.a(alt_instruction_exception_entry.o)
                0x00000000000001d4                alt_instruction_exception_entry
                0x0000000000000248                PROVIDE (__ram_exceptions_end, ABSOLUTE (.))
                0x0000000000000020                PROVIDE (__flash_exceptions_start, LOADADDR (.exceptions))

.text           0x0000000000000248     0x40b8
                [!provide]                        PROVIDE (stext, ABSOLUTE (.))
 *(.interp)
 *(.hash)
 *(.dynsym)
 *(.dynstr)
 *(.gnu.version)
 *(.gnu.version_d)
 *(.gnu.version_r)
 *(.rel.init)
 *(.rela.init)
 *(.rel.text .rel.text.* .rel.gnu.linkonce.t.*)
 *(.rela.text .rela.text.* .rela.gnu.linkonce.t.*)
 *(.rel.fini)
 *(.rela.fini)
 *(.rel.rodata .rel.rodata.* .rel.gnu.linkonce.r.*)
 *(.rela.rodata .rela.rodata.* .rela.gnu.linkonce.r.*)
 *(.rel.data .rel.data.* .rel.gnu.linkonce.d.*)
 *(.rela.data .rela.data.* .rela.gnu.linkonce.d.*)
 *(.rel.tdata .rel.tdata.* .rel.gnu.linkonce.td.*)
 *(.rela.tdata .rela.tdata.* .rela.gnu.linkonce.td.*)
 *(.rel.tbss .rel.tbss.* .rel.gnu.linkonce.tb.*)
 *(.rela.tbss .rela.tbss.* .rela.gnu.linkonce.tb.*)
 *(.rel.ctors)
 *(.rela.ctors)
 *(.rel.dtors)
 *(.rela.dtors)
 *(.rel.got)
 *(.rela.got)
 *(.rel.sdata .rel.sdata.* .rel.gnu.linkonce.s.*)
 *(.rela.sdata .rela.sdata.* .rela.gnu.linkonce.s.*)
 *(.rel.sbss .rel.sbss.* .rel.gnu.linkonce.sb.*)
 *(.rela.sbss .rela.sbss.* .rela.gnu.linkonce.sb.*)
 *(.rel.sdata2 .rel.sdata2.* .rel.gnu.linkonce.s2.*)
 *(.rela.sdata2 .rela.sdata2.* .rela.gnu.linkonce.s2.*)
 *(.rel.sbss2 .rel.sbss2.* .rel.gnu.linkonce.sb2.*)
 *(.rela.sbss2 .rela.sbss2.* .rela.gnu.linkonce.sb2.*)
 *(.rel.bss .rel.bss.* .rel.gnu.linkonce.b.*)
 *(.rela.bss .rela.bss.* .rela.gnu.linkonce.b.*)
 *(.rel.plt)
 *(.rela.plt)
 *(.rel.dyn)
 *(.init)
 *(.plt)
 *(.text .stub .text.* .gnu.linkonce.t.*)
 .text          0x0000000000000248       0x3c C:/Users/ssoria01/Documents/InterruptsNIOS_bsp//obj/HAL/src/crt0.o
                0x0000000000000248                _start
 .text          0x0000000000000284       0xb8 obj/default/HexDisplay.o
                0x0000000000000284                toggleBCDHEX
                0x00000000000002b4                HexDisplay
 .text          0x000000000000033c       0x84 obj/default/InterruptDemo.o
                0x000000000000033c                main
 .text          0x00000000000003c0      0x158 obj/default/buttonISR.o
                0x00000000000003c0                buttonISR
 .text          0x0000000000000518      0x110 obj/default/lcd.o
                0x0000000000000518                LCD_cursor
                0x0000000000000584                LCD_text
                0x00000000000005f0                LCD_cursor_off
 .text          0x0000000000000628      0x2bc obj/default/seven_seg_bcd.o
                0x0000000000000628                seven_seg_bcd
 .text          0x00000000000008e4      0x14c obj/default/seven_seg_hex.o
                0x00000000000008e4                seven_seg_hex
 .text          0x0000000000000a30       0x78 obj/default/timerISR.o
                0x0000000000000a30                timerISR
 .text          0x0000000000000aa8        0x0 c:/altera/16.0/nios2eds/bin/gnu/h-x86_64-mingw32/bin/../lib/gcc/nios2-elf/5.2.0/../../../../../H-x86_64-mingw32/nios2-elf/lib/mhw-mulx\libc.a(lib_a-memcpy.o)
 .text.memcpy   0x0000000000000aa8      0x148 c:/altera/16.0/nios2eds/bin/gnu/h-x86_64-mingw32/bin/../lib/gcc/nios2-elf/5.2.0/../../../../../H-x86_64-mingw32/nios2-elf/lib/mhw-mulx\libc.a(lib_a-memcpy.o)
                0x0000000000000aa8                memcpy
 .text          0x0000000000000bf0      0x1b0 C:/Users/ssoria01/Documents/InterruptsNIOS_bsp/\libhal_bsp.a(alt_irq_register.o)
                0x0000000000000bf0                alt_irq_register
 .text          0x0000000000000da0        0x0 C:/Users/ssoria01/Documents/InterruptsNIOS_bsp/\libhal_bsp.a(alt_irq_vars.o)
 .text          0x0000000000000da0       0xec C:/Users/ssoria01/Documents/InterruptsNIOS_bsp/\libhal_bsp.a(alt_load.o)
                0x0000000000000e08                alt_load
 .text          0x0000000000000e8c       0x7c C:/Users/ssoria01/Documents/InterruptsNIOS_bsp/\libhal_bsp.a(alt_main.o)
                0x0000000000000e8c                alt_main
 .text          0x0000000000000f08      0x394 C:/Users/ssoria01/Documents/InterruptsNIOS_bsp/\libhal_bsp.a(alt_sys_init.o)
                0x0000000000000f40                alt_irq_init
                0x0000000000000f78                alt_sys_init
 .text          0x000000000000129c      0x164 C:/Users/ssoria01/Documents/InterruptsNIOS_bsp/\libhal_bsp.a(altera_avalon_jtag_uart_fd.o)
                0x000000000000129c                altera_avalon_jtag_uart_read_fd
                0x00000000000012fc                altera_avalon_jtag_uart_write_fd
                0x000000000000135c                altera_avalon_jtag_uart_close_fd
                0x00000000000013ac                altera_avalon_jtag_uart_ioctl_fd
 .text          0x0000000000001400      0x3dc C:/Users/ssoria01/Documents/InterruptsNIOS_bsp/\libhal_bsp.a(altera_avalon_jtag_uart_init.o)
                0x0000000000001400                altera_avalon_jtag_uart_init
                0x0000000000001774                altera_avalon_jtag_uart_close
 .text          0x00000000000017dc       0xf0 C:/Users/ssoria01/Documents/InterruptsNIOS_bsp/\libhal_bsp.a(altera_avalon_jtag_uart_ioctl.o)
                0x00000000000017dc                altera_avalon_jtag_uart_ioctl
 .text          0x00000000000018cc      0x21c C:/Users/ssoria01/Documents/InterruptsNIOS_bsp/\libhal_bsp.a(altera_avalon_jtag_uart_read.o)
                0x00000000000018cc                altera_avalon_jtag_uart_read
 .text          0x0000000000001ae8      0x224 C:/Users/ssoria01/Documents/InterruptsNIOS_bsp/\libhal_bsp.a(altera_avalon_jtag_uart_write.o)
                0x0000000000001ae8                altera_avalon_jtag_uart_write
 .text          0x0000000000001d0c      0x100 C:/Users/ssoria01/Documents/InterruptsNIOS_bsp/\libhal_bsp.a(altera_avalon_timer_sc.o)
                0x0000000000001d88                alt_avalon_timer_sc_init
 .text          0x0000000000001e0c      0x4f8 C:/Users/ssoria01/Documents/InterruptsNIOS_bsp/\libhal_bsp.a(altera_up_avalon_character_lcd.o)
                0x0000000000001e0c                get_DDRAM_addr
                0x0000000000001e80                alt_up_character_lcd_send_cmd
                0x0000000000001ec0                alt_up_character_lcd_init
                0x0000000000001ef8                alt_up_character_lcd_open_dev
                0x0000000000001f38                alt_up_character_lcd_write
                0x0000000000001fb4                alt_up_character_lcd_string
                0x000000000000202c                alt_up_character_lcd_write_fd
                0x000000000000207c                alt_up_character_lcd_set_cursor_pos
                0x00000000000020f0                alt_up_character_lcd_shift_cursor
                0x000000000000217c                alt_up_character_lcd_shift_display
                0x0000000000002208                alt_up_character_lcd_erase_pos
                0x0000000000002294                alt_up_character_lcd_cursor_off
                0x00000000000022cc                alt_up_character_lcd_cursor_blink_on
 .text          0x0000000000002304      0x390 C:/Users/ssoria01/Documents/InterruptsNIOS_bsp/\libhal_bsp.a(altera_up_avalon_irda.o)
                0x0000000000002304                alt_up_irda_enable_read_interrupt
                0x0000000000002360                alt_up_irda_disable_read_interrupt
                0x00000000000023c0                alt_up_irda_get_used_space_in_read_FIFO
                0x0000000000002400                alt_up_irda_get_available_space_in_write_FIFO
                0x000000000000243c                alt_up_irda_check_parity
                0x0000000000002480                alt_up_irda_write_data
                0x00000000000024c0                alt_up_irda_read_data
                0x0000000000002534                alt_up_irda_read_fd
                0x00000000000025c4                alt_up_irda_write_fd
                0x0000000000002654                alt_up_irda_open_dev
 .text          0x0000000000002694      0x6b4 C:/Users/ssoria01/Documents/InterruptsNIOS_bsp/\libhal_bsp.a(altera_up_avalon_ps2.o)
                0x0000000000002694                read_RI_bit
                0x00000000000026c8                read_RE_bit
                0x00000000000026f8                read_CE_bit
                0x000000000000272c                read_num_bytes_available
                0x000000000000275c                read_data_valid
                0x0000000000002790                read_data_byte
                0x00000000000027bc                alt_up_ps2_init
                0x0000000000002884                alt_up_ps2_enable_read_interrupt
                0x00000000000028e0                alt_up_ps2_disable_read_interrupt
                0x0000000000002940                alt_up_ps2_write_data_byte
                0x00000000000029b4                alt_up_ps2_wait_for_ack
                0x0000000000002a1c                alt_up_ps2_write_data_byte_with_ack
                0x0000000000002a80                alt_up_ps2_read_data_byte_timeout
                0x0000000000002b1c                alt_up_ps2_read_data_byte
                0x0000000000002b8c                alt_up_ps2_clear_fifo
                0x0000000000002be4                alt_up_ps2_read_fd
                0x0000000000002c70                alt_up_ps2_write_fd
                0x0000000000002d08                alt_up_ps2_open_dev
 .text          0x0000000000002d48      0x394 C:/Users/ssoria01/Documents/InterruptsNIOS_bsp/\libhal_bsp.a(altera_up_avalon_rs232.o)
                0x0000000000002d48                alt_up_rs232_enable_read_interrupt
                0x0000000000002da4                alt_up_rs232_disable_read_interrupt
                0x0000000000002e04                alt_up_rs232_get_used_space_in_read_FIFO
                0x0000000000002e44                alt_up_rs232_get_available_space_in_write_FIFO
                0x0000000000002e80                alt_up_rs232_check_parity
                0x0000000000002ec4                alt_up_rs232_write_data
                0x0000000000002f04                alt_up_rs232_read_data
                0x0000000000002f78                alt_up_rs232_read_fd
                0x0000000000003008                alt_up_rs232_write_fd
                0x000000000000309c                alt_up_rs232_open_dev
 .text          0x00000000000030dc      0x140 C:/Users/ssoria01/Documents/InterruptsNIOS_bsp/\libhal_bsp.a(alt_alarm_start.o)
                0x00000000000030dc                alt_alarm_start
 .text          0x000000000000321c      0x120 C:/Users/ssoria01/Documents/InterruptsNIOS_bsp/\libhal_bsp.a(alt_close.o)
                0x000000000000326c                close
 .text          0x000000000000333c       0x20 C:/Users/ssoria01/Documents/InterruptsNIOS_bsp/\libhal_bsp.a(alt_dcache_flush_all.o)
                0x000000000000333c                alt_dcache_flush_all
 .text          0x000000000000335c       0x2c C:/Users/ssoria01/Documents/InterruptsNIOS_bsp/\libhal_bsp.a(alt_dev.o)
 .text          0x0000000000003388       0xf4 C:/Users/ssoria01/Documents/InterruptsNIOS_bsp/\libhal_bsp.a(alt_dev_llist_insert.o)
                0x00000000000033d8                alt_dev_llist_insert
 .text          0x000000000000347c       0x60 C:/Users/ssoria01/Documents/InterruptsNIOS_bsp/\libhal_bsp.a(alt_do_ctors.o)
                0x000000000000347c                _do_ctors
 .text          0x00000000000034dc       0x60 C:/Users/ssoria01/Documents/InterruptsNIOS_bsp/\libhal_bsp.a(alt_do_dtors.o)
                0x00000000000034dc                _do_dtors
 .text          0x000000000000353c        0x0 C:/Users/ssoria01/Documents/InterruptsNIOS_bsp/\libhal_bsp.a(alt_errno.o)
 .text          0x000000000000353c       0x90 C:/Users/ssoria01/Documents/InterruptsNIOS_bsp/\libhal_bsp.a(alt_find_dev.o)
                0x000000000000353c                alt_find_dev
 .text          0x00000000000035cc       0x34 C:/Users/ssoria01/Documents/InterruptsNIOS_bsp/\libhal_bsp.a(alt_icache_flush_all.o)
                0x00000000000035cc                alt_icache_flush_all
 .text          0x0000000000003600      0x140 C:/Users/ssoria01/Documents/InterruptsNIOS_bsp/\libhal_bsp.a(alt_io_redirect.o)
                0x00000000000036c4                alt_io_redirect
 .text          0x0000000000003740        0x0 C:/Users/ssoria01/Documents/InterruptsNIOS_bsp/\libhal_bsp.a(alt_irq_entry.o)
 .text          0x0000000000003740        0x0 C:/Users/ssoria01/Documents/InterruptsNIOS_bsp/\libhal_bsp.a(alt_irq_handler.o)
 .text          0x0000000000003740      0x274 C:/Users/ssoria01/Documents/InterruptsNIOS_bsp/\libhal_bsp.a(alt_open.o)
                0x000000000000385c                open
 .text          0x00000000000039b4       0x64 C:/Users/ssoria01/Documents/InterruptsNIOS_bsp/\libhal_bsp.a(alt_release_fd.o)
                0x00000000000039b4                alt_release_fd
 .text          0x0000000000003a18      0x1a4 C:/Users/ssoria01/Documents/InterruptsNIOS_bsp/\libhal_bsp.a(alt_tick.o)
                0x0000000000003a18                alt_alarm_stop
                0x0000000000003ab4                alt_tick
 .text          0x0000000000003bbc       0x24 C:/Users/ssoria01/Documents/InterruptsNIOS_bsp/\libhal_bsp.a(altera_nios2_gen2_irq.o)
                0x0000000000003bbc                altera_nios2_gen2_irq_init
 .text          0x0000000000003be0        0x0 C:/Users/ssoria01/Documents/InterruptsNIOS_bsp/\libhal_bsp.a(alt_exception_entry.o)
 .text          0x0000000000003be0      0x114 C:/Users/ssoria01/Documents/InterruptsNIOS_bsp/\libhal_bsp.a(alt_find_file.o)
                0x0000000000003be0                alt_find_file
 .text          0x0000000000003cf4       0xb4 C:/Users/ssoria01/Documents/InterruptsNIOS_bsp/\libhal_bsp.a(alt_get_fd.o)
                0x0000000000003cf4                alt_get_fd
 .text          0x0000000000003da8       0x90 C:/Users/ssoria01/Documents/InterruptsNIOS_bsp/\libhal_bsp.a(alt_icache_flush.o)
                0x0000000000003da8                alt_icache_flush
 .text          0x0000000000003e38       0x9c C:/Users/ssoria01/Documents/InterruptsNIOS_bsp/\libhal_bsp.a(alt_instruction_exception_entry.o)
                0x0000000000003e38                alt_exception_cause_generated_bad_addr
 .text          0x0000000000003ed4        0x0 c:/altera/16.0/nios2eds/bin/gnu/h-x86_64-mingw32/bin/../lib/gcc/nios2-elf/5.2.0/../../../../../H-x86_64-mingw32/nios2-elf/lib/mhw-mulx\libc.a(lib_a-atexit.o)
 .text.atexit   0x0000000000003ed4       0x14 c:/altera/16.0/nios2eds/bin/gnu/h-x86_64-mingw32/bin/../lib/gcc/nios2-elf/5.2.0/../../../../../H-x86_64-mingw32/nios2-elf/lib/mhw-mulx\libc.a(lib_a-atexit.o)
                0x0000000000003ed4                atexit
 .text          0x0000000000003ee8        0x0 c:/altera/16.0/nios2eds/bin/gnu/h-x86_64-mingw32/bin/../lib/gcc/nios2-elf/5.2.0/../../../../../H-x86_64-mingw32/nios2-elf/lib/mhw-mulx\libc.a(lib_a-exit.o)
 .text.exit     0x0000000000003ee8       0x38 c:/altera/16.0/nios2eds/bin/gnu/h-x86_64-mingw32/bin/../lib/gcc/nios2-elf/5.2.0/../../../../../H-x86_64-mingw32/nios2-elf/lib/mhw-mulx\libc.a(lib_a-exit.o)
                0x0000000000003ee8                exit
 .text          0x0000000000003f20        0x0 c:/altera/16.0/nios2eds/bin/gnu/h-x86_64-mingw32/bin/../lib/gcc/nios2-elf/5.2.0/../../../../../H-x86_64-mingw32/nios2-elf/lib/mhw-mulx\libc.a(lib_a-impure.o)
 .text          0x0000000000003f20        0x0 c:/altera/16.0/nios2eds/bin/gnu/h-x86_64-mingw32/bin/../lib/gcc/nios2-elf/5.2.0/../../../../../H-x86_64-mingw32/nios2-elf/lib/mhw-mulx\libc.a(lib_a-int_errno.o)
 .text          0x0000000000003f20        0x0 c:/altera/16.0/nios2eds/bin/gnu/h-x86_64-mingw32/bin/../lib/gcc/nios2-elf/5.2.0/../../../../../H-x86_64-mingw32/nios2-elf/lib/mhw-mulx\libc.a(lib_a-memcmp.o)
 .text.memcmp   0x0000000000003f20       0x7c c:/altera/16.0/nios2eds/bin/gnu/h-x86_64-mingw32/bin/../lib/gcc/nios2-elf/5.2.0/../../../../../H-x86_64-mingw32/nios2-elf/lib/mhw-mulx\libc.a(lib_a-memcmp.o)
                0x0000000000003f20                memcmp
 .text          0x0000000000003f9c        0x0 c:/altera/16.0/nios2eds/bin/gnu/h-x86_64-mingw32/bin/../lib/gcc/nios2-elf/5.2.0/../../../../../H-x86_64-mingw32/nios2-elf/lib/mhw-mulx\libc.a(lib_a-strlen.o)
 .text.strlen   0x0000000000003f9c       0x98 c:/altera/16.0/nios2eds/bin/gnu/h-x86_64-mingw32/bin/../lib/gcc/nios2-elf/5.2.0/../../../../../H-x86_64-mingw32/nios2-elf/lib/mhw-mulx\libc.a(lib_a-strlen.o)
                0x0000000000003f9c                strlen
 .text          0x0000000000004034        0x0 c:/altera/16.0/nios2eds/bin/gnu/h-x86_64-mingw32/bin/../lib/gcc/nios2-elf/5.2.0/../../../../../H-x86_64-mingw32/nios2-elf/lib/mhw-mulx\libc.a(lib_a-__atexit.o)
 .text.__register_exitproc
                0x0000000000004034      0x118 c:/altera/16.0/nios2eds/bin/gnu/h-x86_64-mingw32/bin/../lib/gcc/nios2-elf/5.2.0/../../../../../H-x86_64-mingw32/nios2-elf/lib/mhw-mulx\libc.a(lib_a-__atexit.o)
                0x0000000000004034                __register_exitproc
 .text          0x000000000000414c        0x0 c:/altera/16.0/nios2eds/bin/gnu/h-x86_64-mingw32/bin/../lib/gcc/nios2-elf/5.2.0/../../../../../H-x86_64-mingw32/nios2-elf/lib/mhw-mulx\libc.a(lib_a-__call_atexit.o)
 .text.__call_exitprocs
                0x000000000000414c      0x180 c:/altera/16.0/nios2eds/bin/gnu/h-x86_64-mingw32/bin/../lib/gcc/nios2-elf/5.2.0/../../../../../H-x86_64-mingw32/nios2-elf/lib/mhw-mulx\libc.a(lib_a-__call_atexit.o)
                0x000000000000414c                __call_exitprocs
 .text          0x00000000000042cc       0x34 C:/Users/ssoria01/Documents/InterruptsNIOS_bsp/\libhal_bsp.a(alt_exit.o)
                0x00000000000042cc                _exit
 *(.gnu.warning.*)
 *(.fini)
                [!provide]                        PROVIDE (__etext, ABSOLUTE (.))
                [!provide]                        PROVIDE (_etext, ABSOLUTE (.))
                [!provide]                        PROVIDE (etext, ABSOLUTE (.))
 *(.eh_frame_hdr)
                0x0000000000004300                . = ALIGN (0x4)
                [!provide]                        PROVIDE (__preinit_array_start, ABSOLUTE (.))
 *(.preinit_array)
                [!provide]                        PROVIDE (__preinit_array_end, ABSOLUTE (.))
                [!provide]                        PROVIDE (__init_array_start, ABSOLUTE (.))
 *(.init_array)
                [!provide]                        PROVIDE (__init_array_end, ABSOLUTE (.))
                [!provide]                        PROVIDE (__fini_array_start, ABSOLUTE (.))
 *(.fini_array)
                [!provide]                        PROVIDE (__fini_array_end, ABSOLUTE (.))
 *(.eh_frame)
 *(.gcc_except_table .gcc_except_table.*)
 *(.dynamic)
                0x0000000000004300                PROVIDE (__CTOR_LIST__, ABSOLUTE (.))
 *(.ctors)
 *(SORT(.ctors.*))
                0x0000000000004300                PROVIDE (__CTOR_END__, ABSOLUTE (.))
                0x0000000000004300                PROVIDE (__DTOR_LIST__, ABSOLUTE (.))
 *(.dtors)
 *(SORT(.dtors.*))
                0x0000000000004300                PROVIDE (__DTOR_END__, ABSOLUTE (.))
 *(.jcr)
                0x0000000000004300                . = ALIGN (0x4)

.rodata         0x0000000000004300      0x1e4
                0x0000000000004300                PROVIDE (__ram_rodata_start, ABSOLUTE (.))
                0x0000000000004300                . = ALIGN (0x4)
 *(.rodata .rodata.* .gnu.linkonce.r.*)
 .rodata        0x0000000000004300       0x5f obj/default/buttonISR.o
 .rodata        0x000000000000435f       0x10 obj/default/seven_seg_hex.o
 *fill*         0x000000000000436f        0x1 
 .rodata        0x0000000000004370        0xf C:/Users/ssoria01/Documents/InterruptsNIOS_bsp/\libhal_bsp.a(alt_main.o)
 *fill*         0x000000000000437f        0x1 
 .rodata        0x0000000000004380      0x151 C:/Users/ssoria01/Documents/InterruptsNIOS_bsp/\libhal_bsp.a(alt_sys_init.o)
 *fill*         0x00000000000044d1        0x3 
 .rodata        0x00000000000044d4        0xa C:/Users/ssoria01/Documents/InterruptsNIOS_bsp/\libhal_bsp.a(alt_dev.o)
 *fill*         0x00000000000044de        0x2 
 .rodata.str1.4
                0x00000000000044e0        0x4 c:/altera/16.0/nios2eds/bin/gnu/h-x86_64-mingw32/bin/../lib/gcc/nios2-elf/5.2.0/../../../../../H-x86_64-mingw32/nios2-elf/lib/mhw-mulx\libc.a(lib_a-impure.o)
                                          0x2 (size before relaxing)
 *(.rodata1)
                0x00000000000044e4                . = ALIGN (0x4)
                0x00000000000044e4                PROVIDE (__ram_rodata_end, ABSOLUTE (.))
                0x0000000000004300                PROVIDE (__flash_rodata_start, LOADADDR (.rodata))

.rwdata         0x00000000000044e4     0x1994 load address 0x0000000000005e78
                0x00000000000044e4                PROVIDE (__ram_rwdata_start, ABSOLUTE (.))
                0x00000000000044e4                . = ALIGN (0x4)
 *(.got.plt)
 *(.got)
 *(.data1)
 *(.data .data.* .gnu.linkonce.d.*)
 .data          0x00000000000044e4        0x0 C:/Users/ssoria01/Documents/InterruptsNIOS_bsp//obj/HAL/src/crt0.o
 .data          0x00000000000044e4        0x0 obj/default/HexDisplay.o
 .data          0x00000000000044e4        0x0 obj/default/InterruptDemo.o
 .data          0x00000000000044e4        0x0 obj/default/buttonISR.o
 .data          0x00000000000044e4        0x0 obj/default/lcd.o
 .data          0x00000000000044e4        0x0 obj/default/seven_seg_bcd.o
 .data          0x00000000000044e4        0x0 obj/default/seven_seg_hex.o
 .data          0x00000000000044e4        0x0 obj/default/timerISR.o
 .data          0x00000000000044e4        0x0 c:/altera/16.0/nios2eds/bin/gnu/h-x86_64-mingw32/bin/../lib/gcc/nios2-elf/5.2.0/../../../../../H-x86_64-mingw32/nios2-elf/lib/mhw-mulx\libc.a(lib_a-memcpy.o)
 .data          0x00000000000044e4        0x0 C:/Users/ssoria01/Documents/InterruptsNIOS_bsp/\libhal_bsp.a(alt_irq_register.o)
 .data          0x00000000000044e4        0x0 C:/Users/ssoria01/Documents/InterruptsNIOS_bsp/\libhal_bsp.a(alt_irq_vars.o)
 .data          0x00000000000044e4        0x0 C:/Users/ssoria01/Documents/InterruptsNIOS_bsp/\libhal_bsp.a(alt_load.o)
 .data          0x00000000000044e4        0x0 C:/Users/ssoria01/Documents/InterruptsNIOS_bsp/\libhal_bsp.a(alt_main.o)
 .data          0x00000000000044e4     0x139c C:/Users/ssoria01/Documents/InterruptsNIOS_bsp/\libhal_bsp.a(alt_sys_init.o)
 .data          0x0000000000005880        0x0 C:/Users/ssoria01/Documents/InterruptsNIOS_bsp/\libhal_bsp.a(altera_avalon_jtag_uart_fd.o)
 .data          0x0000000000005880        0x0 C:/Users/ssoria01/Documents/InterruptsNIOS_bsp/\libhal_bsp.a(altera_avalon_jtag_uart_init.o)
 .data          0x0000000000005880        0x0 C:/Users/ssoria01/Documents/InterruptsNIOS_bsp/\libhal_bsp.a(altera_avalon_jtag_uart_ioctl.o)
 .data          0x0000000000005880        0x0 C:/Users/ssoria01/Documents/InterruptsNIOS_bsp/\libhal_bsp.a(altera_avalon_jtag_uart_read.o)
 .data          0x0000000000005880        0x0 C:/Users/ssoria01/Documents/InterruptsNIOS_bsp/\libhal_bsp.a(altera_avalon_jtag_uart_write.o)
 .data          0x0000000000005880        0x0 C:/Users/ssoria01/Documents/InterruptsNIOS_bsp/\libhal_bsp.a(altera_avalon_timer_sc.o)
 .data          0x0000000000005880        0x0 C:/Users/ssoria01/Documents/InterruptsNIOS_bsp/\libhal_bsp.a(altera_up_avalon_character_lcd.o)
 .data          0x0000000000005880        0x0 C:/Users/ssoria01/Documents/InterruptsNIOS_bsp/\libhal_bsp.a(altera_up_avalon_irda.o)
 .data          0x0000000000005880        0x0 C:/Users/ssoria01/Documents/InterruptsNIOS_bsp/\libhal_bsp.a(altera_up_avalon_ps2.o)
 .data          0x0000000000005880        0x0 C:/Users/ssoria01/Documents/InterruptsNIOS_bsp/\libhal_bsp.a(altera_up_avalon_rs232.o)
 .data          0x0000000000005880        0x0 C:/Users/ssoria01/Documents/InterruptsNIOS_bsp/\libhal_bsp.a(alt_alarm_start.o)
 .data          0x0000000000005880        0x0 C:/Users/ssoria01/Documents/InterruptsNIOS_bsp/\libhal_bsp.a(alt_close.o)
 .data          0x0000000000005880        0x0 C:/Users/ssoria01/Documents/InterruptsNIOS_bsp/\libhal_bsp.a(alt_dcache_flush_all.o)
 .data          0x0000000000005880      0x1a8 C:/Users/ssoria01/Documents/InterruptsNIOS_bsp/\libhal_bsp.a(alt_dev.o)
                0x0000000000005880                alt_dev_null
                0x00000000000058a8                alt_fd_list
 .data          0x0000000000005a28        0x0 C:/Users/ssoria01/Documents/InterruptsNIOS_bsp/\libhal_bsp.a(alt_dev_llist_insert.o)
 .data          0x0000000000005a28        0x0 C:/Users/ssoria01/Documents/InterruptsNIOS_bsp/\libhal_bsp.a(alt_do_ctors.o)
 .data          0x0000000000005a28        0x0 C:/Users/ssoria01/Documents/InterruptsNIOS_bsp/\libhal_bsp.a(alt_do_dtors.o)
 .data          0x0000000000005a28        0x0 C:/Users/ssoria01/Documents/InterruptsNIOS_bsp/\libhal_bsp.a(alt_errno.o)
 .data          0x0000000000005a28        0x0 C:/Users/ssoria01/Documents/InterruptsNIOS_bsp/\libhal_bsp.a(alt_find_dev.o)
 .data          0x0000000000005a28        0x0 C:/Users/ssoria01/Documents/InterruptsNIOS_bsp/\libhal_bsp.a(alt_icache_flush_all.o)
 .data          0x0000000000005a28        0x0 C:/Users/ssoria01/Documents/InterruptsNIOS_bsp/\libhal_bsp.a(alt_io_redirect.o)
 .data          0x0000000000005a28        0x0 C:/Users/ssoria01/Documents/InterruptsNIOS_bsp/\libhal_bsp.a(alt_irq_entry.o)
 .data          0x0000000000005a28        0x0 C:/Users/ssoria01/Documents/InterruptsNIOS_bsp/\libhal_bsp.a(alt_irq_handler.o)
 .data          0x0000000000005a28        0x0 C:/Users/ssoria01/Documents/InterruptsNIOS_bsp/\libhal_bsp.a(alt_open.o)
 .data          0x0000000000005a28        0x0 C:/Users/ssoria01/Documents/InterruptsNIOS_bsp/\libhal_bsp.a(alt_release_fd.o)
 .data          0x0000000000005a28        0x0 C:/Users/ssoria01/Documents/InterruptsNIOS_bsp/\libhal_bsp.a(alt_tick.o)
 .data          0x0000000000005a28        0x0 C:/Users/ssoria01/Documents/InterruptsNIOS_bsp/\libhal_bsp.a(altera_nios2_gen2_irq.o)
 .data          0x0000000000005a28        0x0 C:/Users/ssoria01/Documents/InterruptsNIOS_bsp/\libhal_bsp.a(alt_exception_entry.o)
 .data          0x0000000000005a28        0x0 C:/Users/ssoria01/Documents/InterruptsNIOS_bsp/\libhal_bsp.a(alt_find_file.o)
 .data          0x0000000000005a28        0x0 C:/Users/ssoria01/Documents/InterruptsNIOS_bsp/\libhal_bsp.a(alt_get_fd.o)
 .data          0x0000000000005a28        0x0 C:/Users/ssoria01/Documents/InterruptsNIOS_bsp/\libhal_bsp.a(alt_icache_flush.o)
 .data          0x0000000000005a28        0x0 C:/Users/ssoria01/Documents/InterruptsNIOS_bsp/\libhal_bsp.a(alt_instruction_exception_entry.o)
 .data          0x0000000000005a28        0x0 c:/altera/16.0/nios2eds/bin/gnu/h-x86_64-mingw32/bin/../lib/gcc/nios2-elf/5.2.0/../../../../../H-x86_64-mingw32/nios2-elf/lib/mhw-mulx\libc.a(lib_a-atexit.o)
 .data          0x0000000000005a28        0x0 c:/altera/16.0/nios2eds/bin/gnu/h-x86_64-mingw32/bin/../lib/gcc/nios2-elf/5.2.0/../../../../../H-x86_64-mingw32/nios2-elf/lib/mhw-mulx\libc.a(lib_a-exit.o)
 .data          0x0000000000005a28        0x0 c:/altera/16.0/nios2eds/bin/gnu/h-x86_64-mingw32/bin/../lib/gcc/nios2-elf/5.2.0/../../../../../H-x86_64-mingw32/nios2-elf/lib/mhw-mulx\libc.a(lib_a-impure.o)
 .data.impure_data
                0x0000000000005a28      0x424 c:/altera/16.0/nios2eds/bin/gnu/h-x86_64-mingw32/bin/../lib/gcc/nios2-elf/5.2.0/../../../../../H-x86_64-mingw32/nios2-elf/lib/mhw-mulx\libc.a(lib_a-impure.o)
 .data          0x0000000000005e4c        0x0 c:/altera/16.0/nios2eds/bin/gnu/h-x86_64-mingw32/bin/../lib/gcc/nios2-elf/5.2.0/../../../../../H-x86_64-mingw32/nios2-elf/lib/mhw-mulx\libc.a(lib_a-int_errno.o)
 .data          0x0000000000005e4c        0x0 c:/altera/16.0/nios2eds/bin/gnu/h-x86_64-mingw32/bin/../lib/gcc/nios2-elf/5.2.0/../../../../../H-x86_64-mingw32/nios2-elf/lib/mhw-mulx\libc.a(lib_a-memcmp.o)
 .data          0x0000000000005e4c        0x0 c:/altera/16.0/nios2eds/bin/gnu/h-x86_64-mingw32/bin/../lib/gcc/nios2-elf/5.2.0/../../../../../H-x86_64-mingw32/nios2-elf/lib/mhw-mulx\libc.a(lib_a-strlen.o)
 .data          0x0000000000005e4c        0x0 c:/altera/16.0/nios2eds/bin/gnu/h-x86_64-mingw32/bin/../lib/gcc/nios2-elf/5.2.0/../../../../../H-x86_64-mingw32/nios2-elf/lib/mhw-mulx\libc.a(lib_a-__atexit.o)
 .data          0x0000000000005e4c        0x0 c:/altera/16.0/nios2eds/bin/gnu/h-x86_64-mingw32/bin/../lib/gcc/nios2-elf/5.2.0/../../../../../H-x86_64-mingw32/nios2-elf/lib/mhw-mulx\libc.a(lib_a-__call_atexit.o)
 .data          0x0000000000005e4c        0x0 C:/Users/ssoria01/Documents/InterruptsNIOS_bsp/\libhal_bsp.a(alt_exit.o)
                0x000000000000de4c                _gp = ABSOLUTE ((. + 0x8000))
                [!provide]                        PROVIDE (gp, _gp)
 *(.rwdata .rwdata.*)
 *(.sdata .sdata.* .gnu.linkonce.s.*)
 .sdata         0x0000000000005e4c        0x4 C:/Users/ssoria01/Documents/InterruptsNIOS_bsp/\libhal_bsp.a(alt_irq_vars.o)
                0x0000000000005e4c                alt_priority_mask
 .sdata         0x0000000000005e50       0x14 C:/Users/ssoria01/Documents/InterruptsNIOS_bsp/\libhal_bsp.a(alt_dev.o)
                0x0000000000005e50                alt_fs_list
                0x0000000000005e58                alt_dev_list
                0x0000000000005e60                alt_max_fd
 .sdata         0x0000000000005e64        0x4 C:/Users/ssoria01/Documents/InterruptsNIOS_bsp/\libhal_bsp.a(alt_errno.o)
                0x0000000000005e64                alt_errno
 .sdata         0x0000000000005e68        0x8 C:/Users/ssoria01/Documents/InterruptsNIOS_bsp/\libhal_bsp.a(alt_tick.o)
                0x0000000000005e68                alt_alarm_list
 .sdata._global_impure_ptr
                0x0000000000005e70        0x4 c:/altera/16.0/nios2eds/bin/gnu/h-x86_64-mingw32/bin/../lib/gcc/nios2-elf/5.2.0/../../../../../H-x86_64-mingw32/nios2-elf/lib/mhw-mulx\libc.a(lib_a-impure.o)
                0x0000000000005e70                _global_impure_ptr
 .sdata._impure_ptr
                0x0000000000005e74        0x4 c:/altera/16.0/nios2eds/bin/gnu/h-x86_64-mingw32/bin/../lib/gcc/nios2-elf/5.2.0/../../../../../H-x86_64-mingw32/nios2-elf/lib/mhw-mulx\libc.a(lib_a-impure.o)
                0x0000000000005e74                _impure_ptr
 *(.sdata2 .sdata2.* .gnu.linkonce.s2.*)
                0x0000000000005e78                . = ALIGN (0x4)
                0x0000000000005e78                _edata = ABSOLUTE (.)
                [!provide]                        PROVIDE (edata, ABSOLUTE (.))
                0x0000000000005e78                PROVIDE (__ram_rwdata_end, ABSOLUTE (.))
                0x0000000000005e78                PROVIDE (__flash_rwdata_start, LOADADDR (.rwdata))

.bss            0x000000000000780c      0x128
                0x000000000000780c                __bss_start = ABSOLUTE (.)
                [!provide]                        PROVIDE (__sbss_start, ABSOLUTE (.))
                [!provide]                        PROVIDE (___sbss_start, ABSOLUTE (.))
 *(.dynsbss)
 *(.sbss .sbss.* .gnu.linkonce.sb.*)
 .sbss          0x000000000000780c        0x1 obj/default/HexDisplay.o
 *fill*         0x000000000000780d        0x3 
 .sbss          0x0000000000007810        0x4 obj/default/InterruptDemo.o
 .sbss          0x0000000000007814        0x4 C:/Users/ssoria01/Documents/InterruptsNIOS_bsp/\libhal_bsp.a(alt_irq_vars.o)
                0x0000000000007814                alt_irq_active
 .sbss          0x0000000000007818        0xc C:/Users/ssoria01/Documents/InterruptsNIOS_bsp/\libhal_bsp.a(alt_main.o)
                0x0000000000007818                alt_argc
                0x000000000000781c                alt_argv
                0x0000000000007820                alt_envp
 .sbss          0x0000000000007824        0x8 C:/Users/ssoria01/Documents/InterruptsNIOS_bsp/\libhal_bsp.a(alt_tick.o)
                0x0000000000007824                _alt_tick_rate
                0x0000000000007828                _alt_nticks
 .sbss          0x000000000000782c        0x4 C:/Users/ssoria01/Documents/InterruptsNIOS_bsp/\libhal_bsp.a(alt_instruction_exception_entry.o)
                0x000000000000782c                alt_instruction_exception_handler
 .sbss          0x0000000000007830        0x4 c:/altera/16.0/nios2eds/bin/gnu/h-x86_64-mingw32/bin/../lib/gcc/nios2-elf/5.2.0/../../../../../H-x86_64-mingw32/nios2-elf/lib/mhw-mulx\libc.a(lib_a-int_errno.o)
                0x0000000000007830                errno
 *(.sbss2 .sbss2.* .gnu.linkonce.sb2.*)
 *(.scommon)
                [!provide]                        PROVIDE (__sbss_end, ABSOLUTE (.))
                [!provide]                        PROVIDE (___sbss_end, ABSOLUTE (.))
 *(.dynbss)
 *(.bss .bss.* .gnu.linkonce.b.*)
 .bss           0x0000000000007834        0x0 C:/Users/ssoria01/Documents/InterruptsNIOS_bsp//obj/HAL/src/crt0.o
 .bss           0x0000000000007834        0x0 obj/default/HexDisplay.o
 .bss           0x0000000000007834        0x0 obj/default/InterruptDemo.o
 .bss           0x0000000000007834        0x0 obj/default/buttonISR.o
 .bss           0x0000000000007834        0x0 obj/default/lcd.o
 .bss           0x0000000000007834        0x0 obj/default/seven_seg_bcd.o
 .bss           0x0000000000007834        0x0 obj/default/seven_seg_hex.o
 .bss           0x0000000000007834        0x0 obj/default/timerISR.o
 .bss           0x0000000000007834        0x0 c:/altera/16.0/nios2eds/bin/gnu/h-x86_64-mingw32/bin/../lib/gcc/nios2-elf/5.2.0/../../../../../H-x86_64-mingw32/nios2-elf/lib/mhw-mulx\libc.a(lib_a-memcpy.o)
 .bss           0x0000000000007834        0x0 C:/Users/ssoria01/Documents/InterruptsNIOS_bsp/\libhal_bsp.a(alt_irq_register.o)
 .bss           0x0000000000007834        0x0 C:/Users/ssoria01/Documents/InterruptsNIOS_bsp/\libhal_bsp.a(alt_irq_vars.o)
 .bss           0x0000000000007834        0x0 C:/Users/ssoria01/Documents/InterruptsNIOS_bsp/\libhal_bsp.a(alt_load.o)
 .bss           0x0000000000007834        0x0 C:/Users/ssoria01/Documents/InterruptsNIOS_bsp/\libhal_bsp.a(alt_main.o)
 .bss           0x0000000000007834        0x0 C:/Users/ssoria01/Documents/InterruptsNIOS_bsp/\libhal_bsp.a(alt_sys_init.o)
 .bss           0x0000000000007834        0x0 C:/Users/ssoria01/Documents/InterruptsNIOS_bsp/\libhal_bsp.a(altera_avalon_jtag_uart_fd.o)
 .bss           0x0000000000007834        0x0 C:/Users/ssoria01/Documents/InterruptsNIOS_bsp/\libhal_bsp.a(altera_avalon_jtag_uart_init.o)
 .bss           0x0000000000007834        0x0 C:/Users/ssoria01/Documents/InterruptsNIOS_bsp/\libhal_bsp.a(altera_avalon_jtag_uart_ioctl.o)
 .bss           0x0000000000007834        0x0 C:/Users/ssoria01/Documents/InterruptsNIOS_bsp/\libhal_bsp.a(altera_avalon_jtag_uart_read.o)
 .bss           0x0000000000007834        0x0 C:/Users/ssoria01/Documents/InterruptsNIOS_bsp/\libhal_bsp.a(altera_avalon_jtag_uart_write.o)
 .bss           0x0000000000007834        0x0 C:/Users/ssoria01/Documents/InterruptsNIOS_bsp/\libhal_bsp.a(altera_avalon_timer_sc.o)
 .bss           0x0000000000007834        0x0 C:/Users/ssoria01/Documents/InterruptsNIOS_bsp/\libhal_bsp.a(altera_up_avalon_character_lcd.o)
 .bss           0x0000000000007834        0x0 C:/Users/ssoria01/Documents/InterruptsNIOS_bsp/\libhal_bsp.a(altera_up_avalon_irda.o)
 .bss           0x0000000000007834        0x0 C:/Users/ssoria01/Documents/InterruptsNIOS_bsp/\libhal_bsp.a(altera_up_avalon_ps2.o)
 .bss           0x0000000000007834        0x0 C:/Users/ssoria01/Documents/InterruptsNIOS_bsp/\libhal_bsp.a(altera_up_avalon_rs232.o)
 .bss           0x0000000000007834        0x0 C:/Users/ssoria01/Documents/InterruptsNIOS_bsp/\libhal_bsp.a(alt_alarm_start.o)
 .bss           0x0000000000007834        0x0 C:/Users/ssoria01/Documents/InterruptsNIOS_bsp/\libhal_bsp.a(alt_close.o)
 .bss           0x0000000000007834        0x0 C:/Users/ssoria01/Documents/InterruptsNIOS_bsp/\libhal_bsp.a(alt_dcache_flush_all.o)
 .bss           0x0000000000007834        0x0 C:/Users/ssoria01/Documents/InterruptsNIOS_bsp/\libhal_bsp.a(alt_dev.o)
 .bss           0x0000000000007834        0x0 C:/Users/ssoria01/Documents/InterruptsNIOS_bsp/\libhal_bsp.a(alt_dev_llist_insert.o)
 .bss           0x0000000000007834        0x0 C:/Users/ssoria01/Documents/InterruptsNIOS_bsp/\libhal_bsp.a(alt_do_ctors.o)
 .bss           0x0000000000007834        0x0 C:/Users/ssoria01/Documents/InterruptsNIOS_bsp/\libhal_bsp.a(alt_do_dtors.o)
 .bss           0x0000000000007834        0x0 C:/Users/ssoria01/Documents/InterruptsNIOS_bsp/\libhal_bsp.a(alt_errno.o)
 .bss           0x0000000000007834        0x0 C:/Users/ssoria01/Documents/InterruptsNIOS_bsp/\libhal_bsp.a(alt_find_dev.o)
 .bss           0x0000000000007834        0x0 C:/Users/ssoria01/Documents/InterruptsNIOS_bsp/\libhal_bsp.a(alt_icache_flush_all.o)
 .bss           0x0000000000007834        0x0 C:/Users/ssoria01/Documents/InterruptsNIOS_bsp/\libhal_bsp.a(alt_io_redirect.o)
 .bss           0x0000000000007834        0x0 C:/Users/ssoria01/Documents/InterruptsNIOS_bsp/\libhal_bsp.a(alt_irq_entry.o)
 .bss           0x0000000000007834        0x0 C:/Users/ssoria01/Documents/InterruptsNIOS_bsp/\libhal_bsp.a(alt_irq_handler.o)
 .bss           0x0000000000007834        0x0 C:/Users/ssoria01/Documents/InterruptsNIOS_bsp/\libhal_bsp.a(alt_open.o)
 .bss           0x0000000000007834        0x0 C:/Users/ssoria01/Documents/InterruptsNIOS_bsp/\libhal_bsp.a(alt_release_fd.o)
 .bss           0x0000000000007834        0x0 C:/Users/ssoria01/Documents/InterruptsNIOS_bsp/\libhal_bsp.a(alt_tick.o)
 .bss           0x0000000000007834        0x0 C:/Users/ssoria01/Documents/InterruptsNIOS_bsp/\libhal_bsp.a(altera_nios2_gen2_irq.o)
 .bss           0x0000000000007834        0x0 C:/Users/ssoria01/Documents/InterruptsNIOS_bsp/\libhal_bsp.a(alt_exception_entry.o)
 .bss           0x0000000000007834        0x0 C:/Users/ssoria01/Documents/InterruptsNIOS_bsp/\libhal_bsp.a(alt_find_file.o)
 .bss           0x0000000000007834        0x0 C:/Users/ssoria01/Documents/InterruptsNIOS_bsp/\libhal_bsp.a(alt_get_fd.o)
 .bss           0x0000000000007834        0x0 C:/Users/ssoria01/Documents/InterruptsNIOS_bsp/\libhal_bsp.a(alt_icache_flush.o)
 .bss           0x0000000000007834        0x0 C:/Users/ssoria01/Documents/InterruptsNIOS_bsp/\libhal_bsp.a(alt_instruction_exception_entry.o)
 .bss           0x0000000000007834        0x0 c:/altera/16.0/nios2eds/bin/gnu/h-x86_64-mingw32/bin/../lib/gcc/nios2-elf/5.2.0/../../../../../H-x86_64-mingw32/nios2-elf/lib/mhw-mulx\libc.a(lib_a-atexit.o)
 .bss           0x0000000000007834        0x0 c:/altera/16.0/nios2eds/bin/gnu/h-x86_64-mingw32/bin/../lib/gcc/nios2-elf/5.2.0/../../../../../H-x86_64-mingw32/nios2-elf/lib/mhw-mulx\libc.a(lib_a-exit.o)
 .bss           0x0000000000007834        0x0 c:/altera/16.0/nios2eds/bin/gnu/h-x86_64-mingw32/bin/../lib/gcc/nios2-elf/5.2.0/../../../../../H-x86_64-mingw32/nios2-elf/lib/mhw-mulx\libc.a(lib_a-impure.o)
 .bss           0x0000000000007834        0x0 c:/altera/16.0/nios2eds/bin/gnu/h-x86_64-mingw32/bin/../lib/gcc/nios2-elf/5.2.0/../../../../../H-x86_64-mingw32/nios2-elf/lib/mhw-mulx\libc.a(lib_a-int_errno.o)
 .bss           0x0000000000007834        0x0 c:/altera/16.0/nios2eds/bin/gnu/h-x86_64-mingw32/bin/../lib/gcc/nios2-elf/5.2.0/../../../../../H-x86_64-mingw32/nios2-elf/lib/mhw-mulx\libc.a(lib_a-memcmp.o)
 .bss           0x0000000000007834        0x0 c:/altera/16.0/nios2eds/bin/gnu/h-x86_64-mingw32/bin/../lib/gcc/nios2-elf/5.2.0/../../../../../H-x86_64-mingw32/nios2-elf/lib/mhw-mulx\libc.a(lib_a-strlen.o)
 .bss           0x0000000000007834        0x0 c:/altera/16.0/nios2eds/bin/gnu/h-x86_64-mingw32/bin/../lib/gcc/nios2-elf/5.2.0/../../../../../H-x86_64-mingw32/nios2-elf/lib/mhw-mulx\libc.a(lib_a-__atexit.o)
 .bss           0x0000000000007834        0x0 c:/altera/16.0/nios2eds/bin/gnu/h-x86_64-mingw32/bin/../lib/gcc/nios2-elf/5.2.0/../../../../../H-x86_64-mingw32/nios2-elf/lib/mhw-mulx\libc.a(lib_a-__call_atexit.o)
 .bss           0x0000000000007834        0x0 C:/Users/ssoria01/Documents/InterruptsNIOS_bsp/\libhal_bsp.a(alt_exit.o)
 *(COMMON)
 COMMON         0x0000000000007834      0x100 C:/Users/ssoria01/Documents/InterruptsNIOS_bsp/\libhal_bsp.a(alt_irq_handler.o)
                0x0000000000007834                alt_irq
                0x0000000000007934                . = ALIGN (0x4)
                0x0000000000007934                __bss_end = ABSOLUTE (.)

.SDRAM          0x0000000000007934        0x0
                [!provide]                        PROVIDE (_alt_partition_SDRAM_start, ABSOLUTE (.))
 *(.SDRAM .SDRAM. SDRAM.*)
                0x0000000000007934                . = ALIGN (0x4)
                [!provide]                        PROVIDE (_alt_partition_SDRAM_end, ABSOLUTE (.))
                0x0000000000007934                _end = ABSOLUTE (.)
                0x0000000000007934                end = ABSOLUTE (.)
                0x0000000000007934                __alt_stack_base = ABSOLUTE (.)
                [!provide]                        PROVIDE (_alt_partition_SDRAM_load_addr, LOADADDR (.SDRAM))

.VGA_Subsystem_Char_Buf_Subsystem_Onchip_SRAM
                0x0000000009000000        0x0 load address 0x0000000000007934
                [!provide]                        PROVIDE (_alt_partition_VGA_Subsystem_Char_Buf_Subsystem_Onchip_SRAM_start, ABSOLUTE (.))
 *(.VGA_Subsystem_Char_Buf_Subsystem_Onchip_SRAM .VGA_Subsystem_Char_Buf_Subsystem_Onchip_SRAM. VGA_Subsystem_Char_Buf_Subsystem_Onchip_SRAM.*)
                0x0000000009000000                . = ALIGN (0x4)
                [!provide]                        PROVIDE (_alt_partition_VGA_Subsystem_Char_Buf_Subsystem_Onchip_SRAM_end, ABSOLUTE (.))
                [!provide]                        PROVIDE (_alt_partition_VGA_Subsystem_Char_Buf_Subsystem_Onchip_SRAM_load_addr, LOADADDR (.VGA_Subsystem_Char_Buf_Subsystem_Onchip_SRAM))

.stab
 *(.stab)

.stabstr
 *(.stabstr)

.stab.excl
 *(.stab.excl)

.stab.exclstr
 *(.stab.exclstr)

.stab.index
 *(.stab.index)

.stab.indexstr
 *(.stab.indexstr)

.comment        0x0000000000000000       0x23
 *(.comment)
 .comment       0x0000000000000000       0x23 obj/default/HexDisplay.o
                                         0x24 (size before relaxing)
 .comment       0x0000000000000023       0x24 obj/default/InterruptDemo.o
 .comment       0x0000000000000023       0x24 obj/default/buttonISR.o
 .comment       0x0000000000000023       0x24 obj/default/lcd.o
 .comment       0x0000000000000023       0x24 obj/default/seven_seg_bcd.o
 .comment       0x0000000000000023       0x24 obj/default/seven_seg_hex.o
 .comment       0x0000000000000023       0x24 obj/default/timerISR.o
 .comment       0x0000000000000023       0x24 c:/altera/16.0/nios2eds/bin/gnu/h-x86_64-mingw32/bin/../lib/gcc/nios2-elf/5.2.0/../../../../../H-x86_64-mingw32/nios2-elf/lib/mhw-mulx\libc.a(lib_a-memcpy.o)
 .comment       0x0000000000000023       0x24 C:/Users/ssoria01/Documents/InterruptsNIOS_bsp/\libhal_bsp.a(alt_irq_register.o)
 .comment       0x0000000000000023       0x24 C:/Users/ssoria01/Documents/InterruptsNIOS_bsp/\libhal_bsp.a(alt_irq_vars.o)
 .comment       0x0000000000000023       0x24 C:/Users/ssoria01/Documents/InterruptsNIOS_bsp/\libhal_bsp.a(alt_load.o)
 .comment       0x0000000000000023       0x24 C:/Users/ssoria01/Documents/InterruptsNIOS_bsp/\libhal_bsp.a(alt_main.o)
 .comment       0x0000000000000023       0x24 C:/Users/ssoria01/Documents/InterruptsNIOS_bsp/\libhal_bsp.a(alt_sys_init.o)
 .comment       0x0000000000000023       0x24 C:/Users/ssoria01/Documents/InterruptsNIOS_bsp/\libhal_bsp.a(altera_avalon_jtag_uart_fd.o)
 .comment       0x0000000000000023       0x24 C:/Users/ssoria01/Documents/InterruptsNIOS_bsp/\libhal_bsp.a(altera_avalon_jtag_uart_init.o)
 .comment       0x0000000000000023       0x24 C:/Users/ssoria01/Documents/InterruptsNIOS_bsp/\libhal_bsp.a(altera_avalon_jtag_uart_ioctl.o)
 .comment       0x0000000000000023       0x24 C:/Users/ssoria01/Documents/InterruptsNIOS_bsp/\libhal_bsp.a(altera_avalon_jtag_uart_read.o)
 .comment       0x0000000000000023       0x24 C:/Users/ssoria01/Documents/InterruptsNIOS_bsp/\libhal_bsp.a(altera_avalon_jtag_uart_write.o)
 .comment       0x0000000000000023       0x24 C:/Users/ssoria01/Documents/InterruptsNIOS_bsp/\libhal_bsp.a(altera_avalon_timer_sc.o)
 .comment       0x0000000000000023       0x24 C:/Users/ssoria01/Documents/InterruptsNIOS_bsp/\libhal_bsp.a(altera_up_avalon_character_lcd.o)
 .comment       0x0000000000000023       0x24 C:/Users/ssoria01/Documents/InterruptsNIOS_bsp/\libhal_bsp.a(altera_up_avalon_irda.o)
 .comment       0x0000000000000023       0x24 C:/Users/ssoria01/Documents/InterruptsNIOS_bsp/\libhal_bsp.a(altera_up_avalon_ps2.o)
 .comment       0x0000000000000023       0x24 C:/Users/ssoria01/Documents/InterruptsNIOS_bsp/\libhal_bsp.a(altera_up_avalon_rs232.o)
 .comment       0x0000000000000023       0x24 C:/Users/ssoria01/Documents/InterruptsNIOS_bsp/\libhal_bsp.a(alt_alarm_start.o)
 .comment       0x0000000000000023       0x24 C:/Users/ssoria01/Documents/InterruptsNIOS_bsp/\libhal_bsp.a(alt_close.o)
 .comment       0x0000000000000023       0x24 C:/Users/ssoria01/Documents/InterruptsNIOS_bsp/\libhal_bsp.a(alt_dcache_flush_all.o)
 .comment       0x0000000000000023       0x24 C:/Users/ssoria01/Documents/InterruptsNIOS_bsp/\libhal_bsp.a(alt_dev.o)
 .comment       0x0000000000000023       0x24 C:/Users/ssoria01/Documents/InterruptsNIOS_bsp/\libhal_bsp.a(alt_dev_llist_insert.o)
 .comment       0x0000000000000023       0x24 C:/Users/ssoria01/Documents/InterruptsNIOS_bsp/\libhal_bsp.a(alt_do_ctors.o)
 .comment       0x0000000000000023       0x24 C:/Users/ssoria01/Documents/InterruptsNIOS_bsp/\libhal_bsp.a(alt_do_dtors.o)
 .comment       0x0000000000000023       0x24 C:/Users/ssoria01/Documents/InterruptsNIOS_bsp/\libhal_bsp.a(alt_errno.o)
 .comment       0x0000000000000023       0x24 C:/Users/ssoria01/Documents/InterruptsNIOS_bsp/\libhal_bsp.a(alt_find_dev.o)
 .comment       0x0000000000000023       0x24 C:/Users/ssoria01/Documents/InterruptsNIOS_bsp/\libhal_bsp.a(alt_icache_flush_all.o)
 .comment       0x0000000000000023       0x24 C:/Users/ssoria01/Documents/InterruptsNIOS_bsp/\libhal_bsp.a(alt_io_redirect.o)
 .comment       0x0000000000000023       0x24 C:/Users/ssoria01/Documents/InterruptsNIOS_bsp/\libhal_bsp.a(alt_irq_handler.o)
 .comment       0x0000000000000023       0x24 C:/Users/ssoria01/Documents/InterruptsNIOS_bsp/\libhal_bsp.a(alt_open.o)
 .comment       0x0000000000000023       0x24 C:/Users/ssoria01/Documents/InterruptsNIOS_bsp/\libhal_bsp.a(alt_release_fd.o)
 .comment       0x0000000000000023       0x24 C:/Users/ssoria01/Documents/InterruptsNIOS_bsp/\libhal_bsp.a(alt_tick.o)
 .comment       0x0000000000000023       0x24 C:/Users/ssoria01/Documents/InterruptsNIOS_bsp/\libhal_bsp.a(altera_nios2_gen2_irq.o)
 .comment       0x0000000000000023       0x24 C:/Users/ssoria01/Documents/InterruptsNIOS_bsp/\libhal_bsp.a(alt_find_file.o)
 .comment       0x0000000000000023       0x24 C:/Users/ssoria01/Documents/InterruptsNIOS_bsp/\libhal_bsp.a(alt_get_fd.o)
 .comment       0x0000000000000023       0x24 C:/Users/ssoria01/Documents/InterruptsNIOS_bsp/\libhal_bsp.a(alt_icache_flush.o)
 .comment       0x0000000000000023       0x24 C:/Users/ssoria01/Documents/InterruptsNIOS_bsp/\libhal_bsp.a(alt_instruction_exception_entry.o)
 .comment       0x0000000000000023       0x24 c:/altera/16.0/nios2eds/bin/gnu/h-x86_64-mingw32/bin/../lib/gcc/nios2-elf/5.2.0/../../../../../H-x86_64-mingw32/nios2-elf/lib/mhw-mulx\libc.a(lib_a-atexit.o)
 .comment       0x0000000000000023       0x24 c:/altera/16.0/nios2eds/bin/gnu/h-x86_64-mingw32/bin/../lib/gcc/nios2-elf/5.2.0/../../../../../H-x86_64-mingw32/nios2-elf/lib/mhw-mulx\libc.a(lib_a-exit.o)
 .comment       0x0000000000000023       0x24 c:/altera/16.0/nios2eds/bin/gnu/h-x86_64-mingw32/bin/../lib/gcc/nios2-elf/5.2.0/../../../../../H-x86_64-mingw32/nios2-elf/lib/mhw-mulx\libc.a(lib_a-impure.o)
 .comment       0x0000000000000023       0x24 c:/altera/16.0/nios2eds/bin/gnu/h-x86_64-mingw32/bin/../lib/gcc/nios2-elf/5.2.0/../../../../../H-x86_64-mingw32/nios2-elf/lib/mhw-mulx\libc.a(lib_a-int_errno.o)
 .comment       0x0000000000000023       0x24 c:/altera/16.0/nios2eds/bin/gnu/h-x86_64-mingw32/bin/../lib/gcc/nios2-elf/5.2.0/../../../../../H-x86_64-mingw32/nios2-elf/lib/mhw-mulx\libc.a(lib_a-memcmp.o)
 .comment       0x0000000000000023       0x24 c:/altera/16.0/nios2eds/bin/gnu/h-x86_64-mingw32/bin/../lib/gcc/nios2-elf/5.2.0/../../../../../H-x86_64-mingw32/nios2-elf/lib/mhw-mulx\libc.a(lib_a-strlen.o)
 .comment       0x0000000000000023       0x24 c:/altera/16.0/nios2eds/bin/gnu/h-x86_64-mingw32/bin/../lib/gcc/nios2-elf/5.2.0/../../../../../H-x86_64-mingw32/nios2-elf/lib/mhw-mulx\libc.a(lib_a-__atexit.o)
 .comment       0x0000000000000023       0x24 c:/altera/16.0/nios2eds/bin/gnu/h-x86_64-mingw32/bin/../lib/gcc/nios2-elf/5.2.0/../../../../../H-x86_64-mingw32/nios2-elf/lib/mhw-mulx\libc.a(lib_a-__call_atexit.o)
 .comment       0x0000000000000023       0x24 C:/Users/ssoria01/Documents/InterruptsNIOS_bsp/\libhal_bsp.a(alt_exit.o)

.debug
 *(.debug)

.line
 *(.line)

.debug_srcinfo
 *(.debug_srcinfo)

.debug_sfnames
 *(.debug_sfnames)

.debug_aranges  0x0000000000000000      0x6f8
 *(.debug_aranges)
 .debug_aranges
                0x0000000000000000       0x28 C:/Users/ssoria01/Documents/InterruptsNIOS_bsp//obj/HAL/src/crt0.o
 .debug_aranges
                0x0000000000000028       0x20 obj/default/HexDisplay.o
 .debug_aranges
                0x0000000000000048       0x20 obj/default/InterruptDemo.o
 .debug_aranges
                0x0000000000000068       0x20 obj/default/buttonISR.o
 .debug_aranges
                0x0000000000000088       0x20 obj/default/lcd.o
 .debug_aranges
                0x00000000000000a8       0x20 obj/default/seven_seg_bcd.o
 .debug_aranges
                0x00000000000000c8       0x20 obj/default/seven_seg_hex.o
 .debug_aranges
                0x00000000000000e8       0x20 obj/default/timerISR.o
 .debug_aranges
                0x0000000000000108       0x20 c:/altera/16.0/nios2eds/bin/gnu/h-x86_64-mingw32/bin/../lib/gcc/nios2-elf/5.2.0/../../../../../H-x86_64-mingw32/nios2-elf/lib/mhw-mulx\libc.a(lib_a-memcpy.o)
 .debug_aranges
                0x0000000000000128       0x20 C:/Users/ssoria01/Documents/InterruptsNIOS_bsp/\libhal_bsp.a(alt_irq_register.o)
 .debug_aranges
                0x0000000000000148       0x18 C:/Users/ssoria01/Documents/InterruptsNIOS_bsp/\libhal_bsp.a(alt_irq_vars.o)
 .debug_aranges
                0x0000000000000160       0x20 C:/Users/ssoria01/Documents/InterruptsNIOS_bsp/\libhal_bsp.a(alt_load.o)
 .debug_aranges
                0x0000000000000180       0x20 C:/Users/ssoria01/Documents/InterruptsNIOS_bsp/\libhal_bsp.a(alt_main.o)
 .debug_aranges
                0x00000000000001a0       0x20 C:/Users/ssoria01/Documents/InterruptsNIOS_bsp/\libhal_bsp.a(alt_sys_init.o)
 .debug_aranges
                0x00000000000001c0       0x20 C:/Users/ssoria01/Documents/InterruptsNIOS_bsp/\libhal_bsp.a(altera_avalon_jtag_uart_fd.o)
 .debug_aranges
                0x00000000000001e0       0x20 C:/Users/ssoria01/Documents/InterruptsNIOS_bsp/\libhal_bsp.a(altera_avalon_jtag_uart_init.o)
 .debug_aranges
                0x0000000000000200       0x20 C:/Users/ssoria01/Documents/InterruptsNIOS_bsp/\libhal_bsp.a(altera_avalon_jtag_uart_ioctl.o)
 .debug_aranges
                0x0000000000000220       0x20 C:/Users/ssoria01/Documents/InterruptsNIOS_bsp/\libhal_bsp.a(altera_avalon_jtag_uart_read.o)
 .debug_aranges
                0x0000000000000240       0x20 C:/Users/ssoria01/Documents/InterruptsNIOS_bsp/\libhal_bsp.a(altera_avalon_jtag_uart_write.o)
 .debug_aranges
                0x0000000000000260       0x20 C:/Users/ssoria01/Documents/InterruptsNIOS_bsp/\libhal_bsp.a(altera_avalon_timer_sc.o)
 .debug_aranges
                0x0000000000000280       0x20 C:/Users/ssoria01/Documents/InterruptsNIOS_bsp/\libhal_bsp.a(altera_up_avalon_character_lcd.o)
 .debug_aranges
                0x00000000000002a0       0x20 C:/Users/ssoria01/Documents/InterruptsNIOS_bsp/\libhal_bsp.a(altera_up_avalon_irda.o)
 .debug_aranges
                0x00000000000002c0       0x20 C:/Users/ssoria01/Documents/InterruptsNIOS_bsp/\libhal_bsp.a(altera_up_avalon_ps2.o)
 .debug_aranges
                0x00000000000002e0       0x20 C:/Users/ssoria01/Documents/InterruptsNIOS_bsp/\libhal_bsp.a(altera_up_avalon_rs232.o)
 .debug_aranges
                0x0000000000000300       0x20 C:/Users/ssoria01/Documents/InterruptsNIOS_bsp/\libhal_bsp.a(alt_alarm_start.o)
 .debug_aranges
                0x0000000000000320       0x20 C:/Users/ssoria01/Documents/InterruptsNIOS_bsp/\libhal_bsp.a(alt_close.o)
 .debug_aranges
                0x0000000000000340       0x20 C:/Users/ssoria01/Documents/InterruptsNIOS_bsp/\libhal_bsp.a(alt_dcache_flush_all.o)
 .debug_aranges
                0x0000000000000360       0x20 C:/Users/ssoria01/Documents/InterruptsNIOS_bsp/\libhal_bsp.a(alt_dev.o)
 .debug_aranges
                0x0000000000000380       0x20 C:/Users/ssoria01/Documents/InterruptsNIOS_bsp/\libhal_bsp.a(alt_dev_llist_insert.o)
 .debug_aranges
                0x00000000000003a0       0x20 C:/Users/ssoria01/Documents/InterruptsNIOS_bsp/\libhal_bsp.a(alt_do_ctors.o)
 .debug_aranges
                0x00000000000003c0       0x20 C:/Users/ssoria01/Documents/InterruptsNIOS_bsp/\libhal_bsp.a(alt_do_dtors.o)
 .debug_aranges
                0x00000000000003e0       0x18 C:/Users/ssoria01/Documents/InterruptsNIOS_bsp/\libhal_bsp.a(alt_errno.o)
 .debug_aranges
                0x00000000000003f8       0x20 C:/Users/ssoria01/Documents/InterruptsNIOS_bsp/\libhal_bsp.a(alt_find_dev.o)
 .debug_aranges
                0x0000000000000418       0x20 C:/Users/ssoria01/Documents/InterruptsNIOS_bsp/\libhal_bsp.a(alt_icache_flush_all.o)
 .debug_aranges
                0x0000000000000438       0x20 C:/Users/ssoria01/Documents/InterruptsNIOS_bsp/\libhal_bsp.a(alt_io_redirect.o)
 .debug_aranges
                0x0000000000000458       0x30 C:/Users/ssoria01/Documents/InterruptsNIOS_bsp/\libhal_bsp.a(alt_irq_entry.o)
 .debug_aranges
                0x0000000000000488       0x20 C:/Users/ssoria01/Documents/InterruptsNIOS_bsp/\libhal_bsp.a(alt_irq_handler.o)
 .debug_aranges
                0x00000000000004a8       0x20 C:/Users/ssoria01/Documents/InterruptsNIOS_bsp/\libhal_bsp.a(alt_open.o)
 .debug_aranges
                0x00000000000004c8       0x20 C:/Users/ssoria01/Documents/InterruptsNIOS_bsp/\libhal_bsp.a(alt_release_fd.o)
 .debug_aranges
                0x00000000000004e8       0x20 C:/Users/ssoria01/Documents/InterruptsNIOS_bsp/\libhal_bsp.a(alt_tick.o)
 .debug_aranges
                0x0000000000000508       0x20 C:/Users/ssoria01/Documents/InterruptsNIOS_bsp/\libhal_bsp.a(altera_nios2_gen2_irq.o)
 .debug_aranges
                0x0000000000000528       0x38 C:/Users/ssoria01/Documents/InterruptsNIOS_bsp/\libhal_bsp.a(alt_exception_entry.o)
 .debug_aranges
                0x0000000000000560       0x20 C:/Users/ssoria01/Documents/InterruptsNIOS_bsp/\libhal_bsp.a(alt_find_file.o)
 .debug_aranges
                0x0000000000000580       0x20 C:/Users/ssoria01/Documents/InterruptsNIOS_bsp/\libhal_bsp.a(alt_get_fd.o)
 .debug_aranges
                0x00000000000005a0       0x20 C:/Users/ssoria01/Documents/InterruptsNIOS_bsp/\libhal_bsp.a(alt_icache_flush.o)
 .debug_aranges
                0x00000000000005c0       0x28 C:/Users/ssoria01/Documents/InterruptsNIOS_bsp/\libhal_bsp.a(alt_instruction_exception_entry.o)
 .debug_aranges
                0x00000000000005e8       0x20 c:/altera/16.0/nios2eds/bin/gnu/h-x86_64-mingw32/bin/../lib/gcc/nios2-elf/5.2.0/../../../../../H-x86_64-mingw32/nios2-elf/lib/mhw-mulx\libc.a(lib_a-atexit.o)
 .debug_aranges
                0x0000000000000608       0x20 c:/altera/16.0/nios2eds/bin/gnu/h-x86_64-mingw32/bin/../lib/gcc/nios2-elf/5.2.0/../../../../../H-x86_64-mingw32/nios2-elf/lib/mhw-mulx\libc.a(lib_a-exit.o)
 .debug_aranges
                0x0000000000000628       0x18 c:/altera/16.0/nios2eds/bin/gnu/h-x86_64-mingw32/bin/../lib/gcc/nios2-elf/5.2.0/../../../../../H-x86_64-mingw32/nios2-elf/lib/mhw-mulx\libc.a(lib_a-impure.o)
 .debug_aranges
                0x0000000000000640       0x18 c:/altera/16.0/nios2eds/bin/gnu/h-x86_64-mingw32/bin/../lib/gcc/nios2-elf/5.2.0/../../../../../H-x86_64-mingw32/nios2-elf/lib/mhw-mulx\libc.a(lib_a-int_errno.o)
 .debug_aranges
                0x0000000000000658       0x20 c:/altera/16.0/nios2eds/bin/gnu/h-x86_64-mingw32/bin/../lib/gcc/nios2-elf/5.2.0/../../../../../H-x86_64-mingw32/nios2-elf/lib/mhw-mulx\libc.a(lib_a-memcmp.o)
 .debug_aranges
                0x0000000000000678       0x20 c:/altera/16.0/nios2eds/bin/gnu/h-x86_64-mingw32/bin/../lib/gcc/nios2-elf/5.2.0/../../../../../H-x86_64-mingw32/nios2-elf/lib/mhw-mulx\libc.a(lib_a-strlen.o)
 .debug_aranges
                0x0000000000000698       0x20 c:/altera/16.0/nios2eds/bin/gnu/h-x86_64-mingw32/bin/../lib/gcc/nios2-elf/5.2.0/../../../../../H-x86_64-mingw32/nios2-elf/lib/mhw-mulx\libc.a(lib_a-__atexit.o)
 .debug_aranges
                0x00000000000006b8       0x20 c:/altera/16.0/nios2eds/bin/gnu/h-x86_64-mingw32/bin/../lib/gcc/nios2-elf/5.2.0/../../../../../H-x86_64-mingw32/nios2-elf/lib/mhw-mulx\libc.a(lib_a-__call_atexit.o)
 .debug_aranges
                0x00000000000006d8       0x20 C:/Users/ssoria01/Documents/InterruptsNIOS_bsp/\libhal_bsp.a(alt_exit.o)

.debug_pubnames
 *(.debug_pubnames)

.debug_info     0x0000000000000000     0x99fe
 *(.debug_info .gnu.linkonce.wi.*)
 .debug_info    0x0000000000000000       0x63 C:/Users/ssoria01/Documents/InterruptsNIOS_bsp//obj/HAL/src/crt0.o
 .debug_info    0x0000000000000063       0xec obj/default/HexDisplay.o
 .debug_info    0x000000000000014f       0xf1 obj/default/InterruptDemo.o
 .debug_info    0x0000000000000240      0x12c obj/default/buttonISR.o
 .debug_info    0x000000000000036c       0xe1 obj/default/lcd.o
 .debug_info    0x000000000000044d      0x14b obj/default/seven_seg_bcd.o
 .debug_info    0x0000000000000598      0x143 obj/default/seven_seg_hex.o
 .debug_info    0x00000000000006db       0xbb obj/default/timerISR.o
 .debug_info    0x0000000000000796      0x144 c:/altera/16.0/nios2eds/bin/gnu/h-x86_64-mingw32/bin/../lib/gcc/nios2-elf/5.2.0/../../../../../H-x86_64-mingw32/nios2-elf/lib/mhw-mulx\libc.a(lib_a-memcpy.o)
 .debug_info    0x00000000000008da      0x329 C:/Users/ssoria01/Documents/InterruptsNIOS_bsp/\libhal_bsp.a(alt_irq_register.o)
 .debug_info    0x0000000000000c03       0x88 C:/Users/ssoria01/Documents/InterruptsNIOS_bsp/\libhal_bsp.a(alt_irq_vars.o)
 .debug_info    0x0000000000000c8b      0x145 C:/Users/ssoria01/Documents/InterruptsNIOS_bsp/\libhal_bsp.a(alt_load.o)
 .debug_info    0x0000000000000dd0      0x157 C:/Users/ssoria01/Documents/InterruptsNIOS_bsp/\libhal_bsp.a(alt_main.o)
 .debug_info    0x0000000000000f27      0x959 C:/Users/ssoria01/Documents/InterruptsNIOS_bsp/\libhal_bsp.a(alt_sys_init.o)
 .debug_info    0x0000000000001880      0x52e C:/Users/ssoria01/Documents/InterruptsNIOS_bsp/\libhal_bsp.a(altera_avalon_jtag_uart_fd.o)
 .debug_info    0x0000000000001dae      0x3c3 C:/Users/ssoria01/Documents/InterruptsNIOS_bsp/\libhal_bsp.a(altera_avalon_jtag_uart_init.o)
 .debug_info    0x0000000000002171      0x280 C:/Users/ssoria01/Documents/InterruptsNIOS_bsp/\libhal_bsp.a(altera_avalon_jtag_uart_ioctl.o)
 .debug_info    0x00000000000023f1      0x35b C:/Users/ssoria01/Documents/InterruptsNIOS_bsp/\libhal_bsp.a(altera_avalon_jtag_uart_read.o)
 .debug_info    0x000000000000274c      0x356 C:/Users/ssoria01/Documents/InterruptsNIOS_bsp/\libhal_bsp.a(altera_avalon_jtag_uart_write.o)
 .debug_info    0x0000000000002aa2      0x249 C:/Users/ssoria01/Documents/InterruptsNIOS_bsp/\libhal_bsp.a(altera_avalon_timer_sc.o)
 .debug_info    0x0000000000002ceb      0x601 C:/Users/ssoria01/Documents/InterruptsNIOS_bsp/\libhal_bsp.a(altera_up_avalon_character_lcd.o)
 .debug_info    0x00000000000032ec      0x568 C:/Users/ssoria01/Documents/InterruptsNIOS_bsp/\libhal_bsp.a(altera_up_avalon_irda.o)
 .debug_info    0x0000000000003854      0x7d4 C:/Users/ssoria01/Documents/InterruptsNIOS_bsp/\libhal_bsp.a(altera_up_avalon_ps2.o)
 .debug_info    0x0000000000004028      0x568 C:/Users/ssoria01/Documents/InterruptsNIOS_bsp/\libhal_bsp.a(altera_up_avalon_rs232.o)
 .debug_info    0x0000000000004590      0x2e2 C:/Users/ssoria01/Documents/InterruptsNIOS_bsp/\libhal_bsp.a(alt_alarm_start.o)
 .debug_info    0x0000000000004872      0x321 C:/Users/ssoria01/Documents/InterruptsNIOS_bsp/\libhal_bsp.a(alt_close.o)
 .debug_info    0x0000000000004b93       0x92 C:/Users/ssoria01/Documents/InterruptsNIOS_bsp/\libhal_bsp.a(alt_dcache_flush_all.o)
 .debug_info    0x0000000000004c25      0x49c C:/Users/ssoria01/Documents/InterruptsNIOS_bsp/\libhal_bsp.a(alt_dev.o)
 .debug_info    0x00000000000050c1      0x1a9 C:/Users/ssoria01/Documents/InterruptsNIOS_bsp/\libhal_bsp.a(alt_dev_llist_insert.o)
 .debug_info    0x000000000000526a       0x83 C:/Users/ssoria01/Documents/InterruptsNIOS_bsp/\libhal_bsp.a(alt_do_ctors.o)
 .debug_info    0x00000000000052ed       0x83 C:/Users/ssoria01/Documents/InterruptsNIOS_bsp/\libhal_bsp.a(alt_do_dtors.o)
 .debug_info    0x0000000000005370       0xa6 C:/Users/ssoria01/Documents/InterruptsNIOS_bsp/\libhal_bsp.a(alt_errno.o)
 .debug_info    0x0000000000005416      0x2e9 C:/Users/ssoria01/Documents/InterruptsNIOS_bsp/\libhal_bsp.a(alt_find_dev.o)
 .debug_info    0x00000000000056ff       0x92 C:/Users/ssoria01/Documents/InterruptsNIOS_bsp/\libhal_bsp.a(alt_icache_flush_all.o)
 .debug_info    0x0000000000005791      0x4a5 C:/Users/ssoria01/Documents/InterruptsNIOS_bsp/\libhal_bsp.a(alt_io_redirect.o)
 .debug_info    0x0000000000005c36       0x6c C:/Users/ssoria01/Documents/InterruptsNIOS_bsp/\libhal_bsp.a(alt_irq_entry.o)
 .debug_info    0x0000000000005ca2      0x1a7 C:/Users/ssoria01/Documents/InterruptsNIOS_bsp/\libhal_bsp.a(alt_irq_handler.o)
 .debug_info    0x0000000000005e49      0x3bb C:/Users/ssoria01/Documents/InterruptsNIOS_bsp/\libhal_bsp.a(alt_open.o)
 .debug_info    0x0000000000006204      0x2b0 C:/Users/ssoria01/Documents/InterruptsNIOS_bsp/\libhal_bsp.a(alt_release_fd.o)
 .debug_info    0x00000000000064b4      0x2af C:/Users/ssoria01/Documents/InterruptsNIOS_bsp/\libhal_bsp.a(alt_tick.o)
 .debug_info    0x0000000000006763       0xb8 C:/Users/ssoria01/Documents/InterruptsNIOS_bsp/\libhal_bsp.a(altera_nios2_gen2_irq.o)
 .debug_info    0x000000000000681b       0x72 C:/Users/ssoria01/Documents/InterruptsNIOS_bsp/\libhal_bsp.a(alt_exception_entry.o)
 .debug_info    0x000000000000688d      0x2e6 C:/Users/ssoria01/Documents/InterruptsNIOS_bsp/\libhal_bsp.a(alt_find_file.o)
 .debug_info    0x0000000000006b73      0x310 C:/Users/ssoria01/Documents/InterruptsNIOS_bsp/\libhal_bsp.a(alt_get_fd.o)
 .debug_info    0x0000000000006e83       0xdc C:/Users/ssoria01/Documents/InterruptsNIOS_bsp/\libhal_bsp.a(alt_icache_flush.o)
 .debug_info    0x0000000000006f5f      0x1e7 C:/Users/ssoria01/Documents/InterruptsNIOS_bsp/\libhal_bsp.a(alt_instruction_exception_entry.o)
 .debug_info    0x0000000000007146       0xfe c:/altera/16.0/nios2eds/bin/gnu/h-x86_64-mingw32/bin/../lib/gcc/nios2-elf/5.2.0/../../../../../H-x86_64-mingw32/nios2-elf/lib/mhw-mulx\libc.a(lib_a-atexit.o)
 .debug_info    0x0000000000007244      0x8e4 c:/altera/16.0/nios2eds/bin/gnu/h-x86_64-mingw32/bin/../lib/gcc/nios2-elf/5.2.0/../../../../../H-x86_64-mingw32/nios2-elf/lib/mhw-mulx\libc.a(lib_a-exit.o)
 .debug_info    0x0000000000007b28      0x8a1 c:/altera/16.0/nios2eds/bin/gnu/h-x86_64-mingw32/bin/../lib/gcc/nios2-elf/5.2.0/../../../../../H-x86_64-mingw32/nios2-elf/lib/mhw-mulx\libc.a(lib_a-impure.o)
 .debug_info    0x00000000000083c9       0x8a c:/altera/16.0/nios2eds/bin/gnu/h-x86_64-mingw32/bin/../lib/gcc/nios2-elf/5.2.0/../../../../../H-x86_64-mingw32/nios2-elf/lib/mhw-mulx\libc.a(lib_a-int_errno.o)
 .debug_info    0x0000000000008453      0x11a c:/altera/16.0/nios2eds/bin/gnu/h-x86_64-mingw32/bin/../lib/gcc/nios2-elf/5.2.0/../../../../../H-x86_64-mingw32/nios2-elf/lib/mhw-mulx\libc.a(lib_a-memcmp.o)
 .debug_info    0x000000000000856d       0xe2 c:/altera/16.0/nios2eds/bin/gnu/h-x86_64-mingw32/bin/../lib/gcc/nios2-elf/5.2.0/../../../../../H-x86_64-mingw32/nios2-elf/lib/mhw-mulx\libc.a(lib_a-strlen.o)
 .debug_info    0x000000000000864f      0x934 c:/altera/16.0/nios2eds/bin/gnu/h-x86_64-mingw32/bin/../lib/gcc/nios2-elf/5.2.0/../../../../../H-x86_64-mingw32/nios2-elf/lib/mhw-mulx\libc.a(lib_a-__atexit.o)
 .debug_info    0x0000000000008f83      0x965 c:/altera/16.0/nios2eds/bin/gnu/h-x86_64-mingw32/bin/../lib/gcc/nios2-elf/5.2.0/../../../../../H-x86_64-mingw32/nios2-elf/lib/mhw-mulx\libc.a(lib_a-__call_atexit.o)
 .debug_info    0x00000000000098e8      0x116 C:/Users/ssoria01/Documents/InterruptsNIOS_bsp/\libhal_bsp.a(alt_exit.o)

.debug_abbrev   0x0000000000000000     0x3329
 *(.debug_abbrev)
 .debug_abbrev  0x0000000000000000       0x12 C:/Users/ssoria01/Documents/InterruptsNIOS_bsp//obj/HAL/src/crt0.o
 .debug_abbrev  0x0000000000000012       0x99 obj/default/HexDisplay.o
 .debug_abbrev  0x00000000000000ab       0x83 obj/default/InterruptDemo.o
 .debug_abbrev  0x000000000000012e       0xc5 obj/default/buttonISR.o
 .debug_abbrev  0x00000000000001f3       0x99 obj/default/lcd.o
 .debug_abbrev  0x000000000000028c       0xaf obj/default/seven_seg_bcd.o
 .debug_abbrev  0x000000000000033b       0xa8 obj/default/seven_seg_hex.o
 .debug_abbrev  0x00000000000003e3       0x83 obj/default/timerISR.o
 .debug_abbrev  0x0000000000000466       0xa3 c:/altera/16.0/nios2eds/bin/gnu/h-x86_64-mingw32/bin/../lib/gcc/nios2-elf/5.2.0/../../../../../H-x86_64-mingw32/nios2-elf/lib/mhw-mulx\libc.a(lib_a-memcpy.o)
 .debug_abbrev  0x0000000000000509      0x186 C:/Users/ssoria01/Documents/InterruptsNIOS_bsp/\libhal_bsp.a(alt_irq_register.o)
 .debug_abbrev  0x000000000000068f       0x40 C:/Users/ssoria01/Documents/InterruptsNIOS_bsp/\libhal_bsp.a(alt_irq_vars.o)
 .debug_abbrev  0x00000000000006cf       0x9f C:/Users/ssoria01/Documents/InterruptsNIOS_bsp/\libhal_bsp.a(alt_load.o)
 .debug_abbrev  0x000000000000076e       0xc1 C:/Users/ssoria01/Documents/InterruptsNIOS_bsp/\libhal_bsp.a(alt_main.o)
 .debug_abbrev  0x000000000000082f      0x19f C:/Users/ssoria01/Documents/InterruptsNIOS_bsp/\libhal_bsp.a(alt_sys_init.o)
 .debug_abbrev  0x00000000000009ce      0x127 C:/Users/ssoria01/Documents/InterruptsNIOS_bsp/\libhal_bsp.a(altera_avalon_jtag_uart_fd.o)
 .debug_abbrev  0x0000000000000af5      0x19e C:/Users/ssoria01/Documents/InterruptsNIOS_bsp/\libhal_bsp.a(altera_avalon_jtag_uart_init.o)
 .debug_abbrev  0x0000000000000c93      0x111 C:/Users/ssoria01/Documents/InterruptsNIOS_bsp/\libhal_bsp.a(altera_avalon_jtag_uart_ioctl.o)
 .debug_abbrev  0x0000000000000da4      0x1aa C:/Users/ssoria01/Documents/InterruptsNIOS_bsp/\libhal_bsp.a(altera_avalon_jtag_uart_read.o)
 .debug_abbrev  0x0000000000000f4e      0x1a8 C:/Users/ssoria01/Documents/InterruptsNIOS_bsp/\libhal_bsp.a(altera_avalon_jtag_uart_write.o)
 .debug_abbrev  0x00000000000010f6      0x155 C:/Users/ssoria01/Documents/InterruptsNIOS_bsp/\libhal_bsp.a(altera_avalon_timer_sc.o)
 .debug_abbrev  0x000000000000124b      0x156 C:/Users/ssoria01/Documents/InterruptsNIOS_bsp/\libhal_bsp.a(altera_up_avalon_character_lcd.o)
 .debug_abbrev  0x00000000000013a1      0x135 C:/Users/ssoria01/Documents/InterruptsNIOS_bsp/\libhal_bsp.a(altera_up_avalon_irda.o)
 .debug_abbrev  0x00000000000014d6      0x1a1 C:/Users/ssoria01/Documents/InterruptsNIOS_bsp/\libhal_bsp.a(altera_up_avalon_ps2.o)
 .debug_abbrev  0x0000000000001677      0x135 C:/Users/ssoria01/Documents/InterruptsNIOS_bsp/\libhal_bsp.a(altera_up_avalon_rs232.o)
 .debug_abbrev  0x00000000000017ac      0x162 C:/Users/ssoria01/Documents/InterruptsNIOS_bsp/\libhal_bsp.a(alt_alarm_start.o)
 .debug_abbrev  0x000000000000190e      0x11f C:/Users/ssoria01/Documents/InterruptsNIOS_bsp/\libhal_bsp.a(alt_close.o)
 .debug_abbrev  0x0000000000001a2d       0x42 C:/Users/ssoria01/Documents/InterruptsNIOS_bsp/\libhal_bsp.a(alt_dcache_flush_all.o)
 .debug_abbrev  0x0000000000001a6f       0xd9 C:/Users/ssoria01/Documents/InterruptsNIOS_bsp/\libhal_bsp.a(alt_dev.o)
 .debug_abbrev  0x0000000000001b48      0x114 C:/Users/ssoria01/Documents/InterruptsNIOS_bsp/\libhal_bsp.a(alt_dev_llist_insert.o)
 .debug_abbrev  0x0000000000001c5c       0x79 C:/Users/ssoria01/Documents/InterruptsNIOS_bsp/\libhal_bsp.a(alt_do_ctors.o)
 .debug_abbrev  0x0000000000001cd5       0x79 C:/Users/ssoria01/Documents/InterruptsNIOS_bsp/\libhal_bsp.a(alt_do_dtors.o)
 .debug_abbrev  0x0000000000001d4e       0x5a C:/Users/ssoria01/Documents/InterruptsNIOS_bsp/\libhal_bsp.a(alt_errno.o)
 .debug_abbrev  0x0000000000001da8       0xf0 C:/Users/ssoria01/Documents/InterruptsNIOS_bsp/\libhal_bsp.a(alt_find_dev.o)
 .debug_abbrev  0x0000000000001e98       0x42 C:/Users/ssoria01/Documents/InterruptsNIOS_bsp/\libhal_bsp.a(alt_icache_flush_all.o)
 .debug_abbrev  0x0000000000001eda      0x114 C:/Users/ssoria01/Documents/InterruptsNIOS_bsp/\libhal_bsp.a(alt_io_redirect.o)
 .debug_abbrev  0x0000000000001fee       0x12 C:/Users/ssoria01/Documents/InterruptsNIOS_bsp/\libhal_bsp.a(alt_irq_entry.o)
 .debug_abbrev  0x0000000000002000      0x13a C:/Users/ssoria01/Documents/InterruptsNIOS_bsp/\libhal_bsp.a(alt_irq_handler.o)
 .debug_abbrev  0x000000000000213a      0x148 C:/Users/ssoria01/Documents/InterruptsNIOS_bsp/\libhal_bsp.a(alt_open.o)
 .debug_abbrev  0x0000000000002282       0xde C:/Users/ssoria01/Documents/InterruptsNIOS_bsp/\libhal_bsp.a(alt_release_fd.o)
 .debug_abbrev  0x0000000000002360      0x16b C:/Users/ssoria01/Documents/InterruptsNIOS_bsp/\libhal_bsp.a(alt_tick.o)
 .debug_abbrev  0x00000000000024cb       0x67 C:/Users/ssoria01/Documents/InterruptsNIOS_bsp/\libhal_bsp.a(altera_nios2_gen2_irq.o)
 .debug_abbrev  0x0000000000002532       0x12 C:/Users/ssoria01/Documents/InterruptsNIOS_bsp/\libhal_bsp.a(alt_exception_entry.o)
 .debug_abbrev  0x0000000000002544       0xf0 C:/Users/ssoria01/Documents/InterruptsNIOS_bsp/\libhal_bsp.a(alt_find_file.o)
 .debug_abbrev  0x0000000000002634      0x10d C:/Users/ssoria01/Documents/InterruptsNIOS_bsp/\libhal_bsp.a(alt_get_fd.o)
 .debug_abbrev  0x0000000000002741       0x8c C:/Users/ssoria01/Documents/InterruptsNIOS_bsp/\libhal_bsp.a(alt_icache_flush.o)
 .debug_abbrev  0x00000000000027cd       0xdc C:/Users/ssoria01/Documents/InterruptsNIOS_bsp/\libhal_bsp.a(alt_instruction_exception_entry.o)
 .debug_abbrev  0x00000000000028a9       0xaa c:/altera/16.0/nios2eds/bin/gnu/h-x86_64-mingw32/bin/../lib/gcc/nios2-elf/5.2.0/../../../../../H-x86_64-mingw32/nios2-elf/lib/mhw-mulx\libc.a(lib_a-atexit.o)
 .debug_abbrev  0x0000000000002953      0x1e5 c:/altera/16.0/nios2eds/bin/gnu/h-x86_64-mingw32/bin/../lib/gcc/nios2-elf/5.2.0/../../../../../H-x86_64-mingw32/nios2-elf/lib/mhw-mulx\libc.a(lib_a-exit.o)
 .debug_abbrev  0x0000000000002b38      0x18f c:/altera/16.0/nios2eds/bin/gnu/h-x86_64-mingw32/bin/../lib/gcc/nios2-elf/5.2.0/../../../../../H-x86_64-mingw32/nios2-elf/lib/mhw-mulx\libc.a(lib_a-impure.o)
 .debug_abbrev  0x0000000000002cc7       0x37 c:/altera/16.0/nios2eds/bin/gnu/h-x86_64-mingw32/bin/../lib/gcc/nios2-elf/5.2.0/../../../../../H-x86_64-mingw32/nios2-elf/lib/mhw-mulx\libc.a(lib_a-int_errno.o)
 .debug_abbrev  0x0000000000002cfe       0x7f c:/altera/16.0/nios2eds/bin/gnu/h-x86_64-mingw32/bin/../lib/gcc/nios2-elf/5.2.0/../../../../../H-x86_64-mingw32/nios2-elf/lib/mhw-mulx\libc.a(lib_a-memcmp.o)
 .debug_abbrev  0x0000000000002d7d       0x90 c:/altera/16.0/nios2eds/bin/gnu/h-x86_64-mingw32/bin/../lib/gcc/nios2-elf/5.2.0/../../../../../H-x86_64-mingw32/nios2-elf/lib/mhw-mulx\libc.a(lib_a-strlen.o)
 .debug_abbrev  0x0000000000002e0d      0x21e c:/altera/16.0/nios2eds/bin/gnu/h-x86_64-mingw32/bin/../lib/gcc/nios2-elf/5.2.0/../../../../../H-x86_64-mingw32/nios2-elf/lib/mhw-mulx\libc.a(lib_a-__atexit.o)
 .debug_abbrev  0x000000000000302b      0x22e c:/altera/16.0/nios2eds/bin/gnu/h-x86_64-mingw32/bin/../lib/gcc/nios2-elf/5.2.0/../../../../../H-x86_64-mingw32/nios2-elf/lib/mhw-mulx\libc.a(lib_a-__call_atexit.o)
 .debug_abbrev  0x0000000000003259       0xd0 C:/Users/ssoria01/Documents/InterruptsNIOS_bsp/\libhal_bsp.a(alt_exit.o)

.debug_line     0x0000000000000000     0x37ad
 *(.debug_line)
 .debug_line    0x0000000000000000       0x6c C:/Users/ssoria01/Documents/InterruptsNIOS_bsp//obj/HAL/src/crt0.o
 .debug_line    0x000000000000006c       0x90 obj/default/HexDisplay.o
 .debug_line    0x00000000000000fc       0xe3 obj/default/InterruptDemo.o
 .debug_line    0x00000000000001df       0xf4 obj/default/buttonISR.o
 .debug_line    0x00000000000002d3       0x52 obj/default/lcd.o
 .debug_line    0x0000000000000325      0x140 obj/default/seven_seg_bcd.o
 .debug_line    0x0000000000000465       0xb7 obj/default/seven_seg_hex.o
 .debug_line    0x000000000000051c       0x89 obj/default/timerISR.o
 .debug_line    0x00000000000005a5      0x18c c:/altera/16.0/nios2eds/bin/gnu/h-x86_64-mingw32/bin/../lib/gcc/nios2-elf/5.2.0/../../../../../H-x86_64-mingw32/nios2-elf/lib/mhw-mulx\libc.a(lib_a-memcpy.o)
 .debug_line    0x0000000000000731      0x159 C:/Users/ssoria01/Documents/InterruptsNIOS_bsp/\libhal_bsp.a(alt_irq_register.o)
 .debug_line    0x000000000000088a       0x50 C:/Users/ssoria01/Documents/InterruptsNIOS_bsp/\libhal_bsp.a(alt_irq_vars.o)
 .debug_line    0x00000000000008da       0x8e C:/Users/ssoria01/Documents/InterruptsNIOS_bsp/\libhal_bsp.a(alt_load.o)
 .debug_line    0x0000000000000968       0xd1 C:/Users/ssoria01/Documents/InterruptsNIOS_bsp/\libhal_bsp.a(alt_main.o)
 .debug_line    0x0000000000000a39      0x2f2 C:/Users/ssoria01/Documents/InterruptsNIOS_bsp/\libhal_bsp.a(alt_sys_init.o)
 .debug_line    0x0000000000000d2b      0x12f C:/Users/ssoria01/Documents/InterruptsNIOS_bsp/\libhal_bsp.a(altera_avalon_jtag_uart_fd.o)
 .debug_line    0x0000000000000e5a      0x19f C:/Users/ssoria01/Documents/InterruptsNIOS_bsp/\libhal_bsp.a(altera_avalon_jtag_uart_init.o)
 .debug_line    0x0000000000000ff9      0x131 C:/Users/ssoria01/Documents/InterruptsNIOS_bsp/\libhal_bsp.a(altera_avalon_jtag_uart_ioctl.o)
 .debug_line    0x000000000000112a      0x185 C:/Users/ssoria01/Documents/InterruptsNIOS_bsp/\libhal_bsp.a(altera_avalon_jtag_uart_read.o)
 .debug_line    0x00000000000012af      0x184 C:/Users/ssoria01/Documents/InterruptsNIOS_bsp/\libhal_bsp.a(altera_avalon_jtag_uart_write.o)
 .debug_line    0x0000000000001433      0x113 C:/Users/ssoria01/Documents/InterruptsNIOS_bsp/\libhal_bsp.a(altera_avalon_timer_sc.o)
 .debug_line    0x0000000000001546      0x1c4 C:/Users/ssoria01/Documents/InterruptsNIOS_bsp/\libhal_bsp.a(altera_up_avalon_character_lcd.o)
 .debug_line    0x000000000000170a      0x13d C:/Users/ssoria01/Documents/InterruptsNIOS_bsp/\libhal_bsp.a(altera_up_avalon_irda.o)
 .debug_line    0x0000000000001847      0x1a6 C:/Users/ssoria01/Documents/InterruptsNIOS_bsp/\libhal_bsp.a(altera_up_avalon_ps2.o)
 .debug_line    0x00000000000019ed      0x13f C:/Users/ssoria01/Documents/InterruptsNIOS_bsp/\libhal_bsp.a(altera_up_avalon_rs232.o)
 .debug_line    0x0000000000001b2c      0x10e C:/Users/ssoria01/Documents/InterruptsNIOS_bsp/\libhal_bsp.a(alt_alarm_start.o)
 .debug_line    0x0000000000001c3a      0x15e C:/Users/ssoria01/Documents/InterruptsNIOS_bsp/\libhal_bsp.a(alt_close.o)
 .debug_line    0x0000000000001d98       0x51 C:/Users/ssoria01/Documents/InterruptsNIOS_bsp/\libhal_bsp.a(alt_dcache_flush_all.o)
 .debug_line    0x0000000000001de9       0xf0 C:/Users/ssoria01/Documents/InterruptsNIOS_bsp/\libhal_bsp.a(alt_dev.o)
 .debug_line    0x0000000000001ed9       0xd0 C:/Users/ssoria01/Documents/InterruptsNIOS_bsp/\libhal_bsp.a(alt_dev_llist_insert.o)
 .debug_line    0x0000000000001fa9       0x59 C:/Users/ssoria01/Documents/InterruptsNIOS_bsp/\libhal_bsp.a(alt_do_ctors.o)
 .debug_line    0x0000000000002002       0x59 C:/Users/ssoria01/Documents/InterruptsNIOS_bsp/\libhal_bsp.a(alt_do_dtors.o)
 .debug_line    0x000000000000205b       0x51 C:/Users/ssoria01/Documents/InterruptsNIOS_bsp/\libhal_bsp.a(alt_errno.o)
 .debug_line    0x00000000000020ac       0xb5 C:/Users/ssoria01/Documents/InterruptsNIOS_bsp/\libhal_bsp.a(alt_find_dev.o)
 .debug_line    0x0000000000002161       0x50 C:/Users/ssoria01/Documents/InterruptsNIOS_bsp/\libhal_bsp.a(alt_icache_flush_all.o)
 .debug_line    0x00000000000021b1      0x12b C:/Users/ssoria01/Documents/InterruptsNIOS_bsp/\libhal_bsp.a(alt_io_redirect.o)
 .debug_line    0x00000000000022dc       0x6b C:/Users/ssoria01/Documents/InterruptsNIOS_bsp/\libhal_bsp.a(alt_irq_entry.o)
 .debug_line    0x0000000000002347       0xcd C:/Users/ssoria01/Documents/InterruptsNIOS_bsp/\libhal_bsp.a(alt_irq_handler.o)
 .debug_line    0x0000000000002414      0x12a C:/Users/ssoria01/Documents/InterruptsNIOS_bsp/\libhal_bsp.a(alt_open.o)
 .debug_line    0x000000000000253e       0xae C:/Users/ssoria01/Documents/InterruptsNIOS_bsp/\libhal_bsp.a(alt_release_fd.o)
 .debug_line    0x00000000000025ec      0x113 C:/Users/ssoria01/Documents/InterruptsNIOS_bsp/\libhal_bsp.a(alt_tick.o)
 .debug_line    0x00000000000026ff       0x8d C:/Users/ssoria01/Documents/InterruptsNIOS_bsp/\libhal_bsp.a(altera_nios2_gen2_irq.o)
 .debug_line    0x000000000000278c       0xb3 C:/Users/ssoria01/Documents/InterruptsNIOS_bsp/\libhal_bsp.a(alt_exception_entry.o)
 .debug_line    0x000000000000283f       0xd1 C:/Users/ssoria01/Documents/InterruptsNIOS_bsp/\libhal_bsp.a(alt_find_file.o)
 .debug_line    0x0000000000002910       0xd5 C:/Users/ssoria01/Documents/InterruptsNIOS_bsp/\libhal_bsp.a(alt_get_fd.o)
 .debug_line    0x00000000000029e5       0x81 C:/Users/ssoria01/Documents/InterruptsNIOS_bsp/\libhal_bsp.a(alt_icache_flush.o)
 .debug_line    0x0000000000002a66       0xba C:/Users/ssoria01/Documents/InterruptsNIOS_bsp/\libhal_bsp.a(alt_instruction_exception_entry.o)
 .debug_line    0x0000000000002b20       0xe7 c:/altera/16.0/nios2eds/bin/gnu/h-x86_64-mingw32/bin/../lib/gcc/nios2-elf/5.2.0/../../../../../H-x86_64-mingw32/nios2-elf/lib/mhw-mulx\libc.a(lib_a-atexit.o)
 .debug_line    0x0000000000002c07      0x1fc c:/altera/16.0/nios2eds/bin/gnu/h-x86_64-mingw32/bin/../lib/gcc/nios2-elf/5.2.0/../../../../../H-x86_64-mingw32/nios2-elf/lib/mhw-mulx\libc.a(lib_a-exit.o)
 .debug_line    0x0000000000002e03      0x160 c:/altera/16.0/nios2eds/bin/gnu/h-x86_64-mingw32/bin/../lib/gcc/nios2-elf/5.2.0/../../../../../H-x86_64-mingw32/nios2-elf/lib/mhw-mulx\libc.a(lib_a-impure.o)
 .debug_line    0x0000000000002f63       0x5f c:/altera/16.0/nios2eds/bin/gnu/h-x86_64-mingw32/bin/../lib/gcc/nios2-elf/5.2.0/../../../../../H-x86_64-mingw32/nios2-elf/lib/mhw-mulx\libc.a(lib_a-int_errno.o)
 .debug_line    0x0000000000002fc2      0x176 c:/altera/16.0/nios2eds/bin/gnu/h-x86_64-mingw32/bin/../lib/gcc/nios2-elf/5.2.0/../../../../../H-x86_64-mingw32/nios2-elf/lib/mhw-mulx\libc.a(lib_a-memcmp.o)
 .debug_line    0x0000000000003138      0x16f c:/altera/16.0/nios2eds/bin/gnu/h-x86_64-mingw32/bin/../lib/gcc/nios2-elf/5.2.0/../../../../../H-x86_64-mingw32/nios2-elf/lib/mhw-mulx\libc.a(lib_a-strlen.o)
 .debug_line    0x00000000000032a7      0x21f c:/altera/16.0/nios2eds/bin/gnu/h-x86_64-mingw32/bin/../lib/gcc/nios2-elf/5.2.0/../../../../../H-x86_64-mingw32/nios2-elf/lib/mhw-mulx\libc.a(lib_a-__atexit.o)
 .debug_line    0x00000000000034c6      0x23a c:/altera/16.0/nios2eds/bin/gnu/h-x86_64-mingw32/bin/../lib/gcc/nios2-elf/5.2.0/../../../../../H-x86_64-mingw32/nios2-elf/lib/mhw-mulx\libc.a(lib_a-__call_atexit.o)
 .debug_line    0x0000000000003700       0xad C:/Users/ssoria01/Documents/InterruptsNIOS_bsp/\libhal_bsp.a(alt_exit.o)

.debug_frame    0x0000000000000000     0x13e0
 *(.debug_frame)
 .debug_frame   0x0000000000000000       0x5c obj/default/HexDisplay.o
 .debug_frame   0x000000000000005c       0x2c obj/default/InterruptDemo.o
 .debug_frame   0x0000000000000088       0x38 obj/default/buttonISR.o
 .debug_frame   0x00000000000000c0       0x7c obj/default/lcd.o
 .debug_frame   0x000000000000013c       0x34 obj/default/seven_seg_bcd.o
 .debug_frame   0x0000000000000170       0x38 obj/default/seven_seg_hex.o
 .debug_frame   0x00000000000001a8       0x38 obj/default/timerISR.o
 .debug_frame   0x00000000000001e0       0x38 c:/altera/16.0/nios2eds/bin/gnu/h-x86_64-mingw32/bin/../lib/gcc/nios2-elf/5.2.0/../../../../../H-x86_64-mingw32/nios2-elf/lib/mhw-mulx\libc.a(lib_a-memcpy.o)
 .debug_frame   0x0000000000000218       0x34 C:/Users/ssoria01/Documents/InterruptsNIOS_bsp/\libhal_bsp.a(alt_irq_register.o)
 .debug_frame   0x000000000000024c       0x5c C:/Users/ssoria01/Documents/InterruptsNIOS_bsp/\libhal_bsp.a(alt_load.o)
 .debug_frame   0x00000000000002a8       0x2c C:/Users/ssoria01/Documents/InterruptsNIOS_bsp/\libhal_bsp.a(alt_main.o)
 .debug_frame   0x00000000000002d4       0x88 C:/Users/ssoria01/Documents/InterruptsNIOS_bsp/\libhal_bsp.a(alt_sys_init.o)
 .debug_frame   0x000000000000035c       0xb0 C:/Users/ssoria01/Documents/InterruptsNIOS_bsp/\libhal_bsp.a(altera_avalon_jtag_uart_fd.o)
 .debug_frame   0x000000000000040c       0xa4 C:/Users/ssoria01/Documents/InterruptsNIOS_bsp/\libhal_bsp.a(altera_avalon_jtag_uart_init.o)
 .debug_frame   0x00000000000004b0       0x34 C:/Users/ssoria01/Documents/InterruptsNIOS_bsp/\libhal_bsp.a(altera_avalon_jtag_uart_ioctl.o)
 .debug_frame   0x00000000000004e4       0x38 C:/Users/ssoria01/Documents/InterruptsNIOS_bsp/\libhal_bsp.a(altera_avalon_jtag_uart_read.o)
 .debug_frame   0x000000000000051c       0x38 C:/Users/ssoria01/Documents/InterruptsNIOS_bsp/\libhal_bsp.a(altera_avalon_jtag_uart_write.o)
 .debug_frame   0x0000000000000554       0x60 C:/Users/ssoria01/Documents/InterruptsNIOS_bsp/\libhal_bsp.a(altera_avalon_timer_sc.o)
 .debug_frame   0x00000000000005b4      0x204 C:/Users/ssoria01/Documents/InterruptsNIOS_bsp/\libhal_bsp.a(altera_up_avalon_character_lcd.o)
 .debug_frame   0x00000000000007b8      0x188 C:/Users/ssoria01/Documents/InterruptsNIOS_bsp/\libhal_bsp.a(altera_up_avalon_irda.o)
 .debug_frame   0x0000000000000940      0x2c0 C:/Users/ssoria01/Documents/InterruptsNIOS_bsp/\libhal_bsp.a(altera_up_avalon_ps2.o)
 .debug_frame   0x0000000000000c00      0x188 C:/Users/ssoria01/Documents/InterruptsNIOS_bsp/\libhal_bsp.a(altera_up_avalon_rs232.o)
 .debug_frame   0x0000000000000d88       0x34 C:/Users/ssoria01/Documents/InterruptsNIOS_bsp/\libhal_bsp.a(alt_alarm_start.o)
 .debug_frame   0x0000000000000dbc       0x60 C:/Users/ssoria01/Documents/InterruptsNIOS_bsp/\libhal_bsp.a(alt_close.o)
 .debug_frame   0x0000000000000e1c       0x34 C:/Users/ssoria01/Documents/InterruptsNIOS_bsp/\libhal_bsp.a(alt_dcache_flush_all.o)
 .debug_frame   0x0000000000000e50       0x34 C:/Users/ssoria01/Documents/InterruptsNIOS_bsp/\libhal_bsp.a(alt_dev.o)
 .debug_frame   0x0000000000000e84       0x60 C:/Users/ssoria01/Documents/InterruptsNIOS_bsp/\libhal_bsp.a(alt_dev_llist_insert.o)
 .debug_frame   0x0000000000000ee4       0x38 C:/Users/ssoria01/Documents/InterruptsNIOS_bsp/\libhal_bsp.a(alt_do_ctors.o)
 .debug_frame   0x0000000000000f1c       0x38 C:/Users/ssoria01/Documents/InterruptsNIOS_bsp/\libhal_bsp.a(alt_do_dtors.o)
 .debug_frame   0x0000000000000f54       0x38 C:/Users/ssoria01/Documents/InterruptsNIOS_bsp/\libhal_bsp.a(alt_find_dev.o)
 .debug_frame   0x0000000000000f8c       0x38 C:/Users/ssoria01/Documents/InterruptsNIOS_bsp/\libhal_bsp.a(alt_icache_flush_all.o)
 .debug_frame   0x0000000000000fc4       0x60 C:/Users/ssoria01/Documents/InterruptsNIOS_bsp/\libhal_bsp.a(alt_io_redirect.o)
 .debug_frame   0x0000000000001024       0x38 C:/Users/ssoria01/Documents/InterruptsNIOS_bsp/\libhal_bsp.a(alt_irq_handler.o)
 .debug_frame   0x000000000000105c       0x84 C:/Users/ssoria01/Documents/InterruptsNIOS_bsp/\libhal_bsp.a(alt_open.o)
 .debug_frame   0x00000000000010e0       0x34 C:/Users/ssoria01/Documents/InterruptsNIOS_bsp/\libhal_bsp.a(alt_release_fd.o)
 .debug_frame   0x0000000000001114       0x5c C:/Users/ssoria01/Documents/InterruptsNIOS_bsp/\libhal_bsp.a(alt_tick.o)
 .debug_frame   0x0000000000001170       0x34 C:/Users/ssoria01/Documents/InterruptsNIOS_bsp/\libhal_bsp.a(altera_nios2_gen2_irq.o)
 .debug_frame   0x00000000000011a4       0x38 C:/Users/ssoria01/Documents/InterruptsNIOS_bsp/\libhal_bsp.a(alt_find_file.o)
 .debug_frame   0x00000000000011dc       0x34 C:/Users/ssoria01/Documents/InterruptsNIOS_bsp/\libhal_bsp.a(alt_get_fd.o)
 .debug_frame   0x0000000000001210       0x34 C:/Users/ssoria01/Documents/InterruptsNIOS_bsp/\libhal_bsp.a(alt_icache_flush.o)
 .debug_frame   0x0000000000001244       0x5c C:/Users/ssoria01/Documents/InterruptsNIOS_bsp/\libhal_bsp.a(alt_instruction_exception_entry.o)
 .debug_frame   0x00000000000012a0       0x20 c:/altera/16.0/nios2eds/bin/gnu/h-x86_64-mingw32/bin/../lib/gcc/nios2-elf/5.2.0/../../../../../H-x86_64-mingw32/nios2-elf/lib/mhw-mulx\libc.a(lib_a-atexit.o)
 .debug_frame   0x00000000000012c0       0x28 c:/altera/16.0/nios2eds/bin/gnu/h-x86_64-mingw32/bin/../lib/gcc/nios2-elf/5.2.0/../../../../../H-x86_64-mingw32/nios2-elf/lib/mhw-mulx\libc.a(lib_a-exit.o)
 .debug_frame   0x00000000000012e8       0x20 c:/altera/16.0/nios2eds/bin/gnu/h-x86_64-mingw32/bin/../lib/gcc/nios2-elf/5.2.0/../../../../../H-x86_64-mingw32/nios2-elf/lib/mhw-mulx\libc.a(lib_a-memcmp.o)
 .debug_frame   0x0000000000001308       0x20 c:/altera/16.0/nios2eds/bin/gnu/h-x86_64-mingw32/bin/../lib/gcc/nios2-elf/5.2.0/../../../../../H-x86_64-mingw32/nios2-elf/lib/mhw-mulx\libc.a(lib_a-strlen.o)
 .debug_frame   0x0000000000001328       0x38 c:/altera/16.0/nios2eds/bin/gnu/h-x86_64-mingw32/bin/../lib/gcc/nios2-elf/5.2.0/../../../../../H-x86_64-mingw32/nios2-elf/lib/mhw-mulx\libc.a(lib_a-__atexit.o)
 .debug_frame   0x0000000000001360       0x54 c:/altera/16.0/nios2eds/bin/gnu/h-x86_64-mingw32/bin/../lib/gcc/nios2-elf/5.2.0/../../../../../H-x86_64-mingw32/nios2-elf/lib/mhw-mulx\libc.a(lib_a-__call_atexit.o)
 .debug_frame   0x00000000000013b4       0x2c C:/Users/ssoria01/Documents/InterruptsNIOS_bsp/\libhal_bsp.a(alt_exit.o)

.debug_str      0x0000000000000000     0x2569
 *(.debug_str)
 .debug_str     0x0000000000000000      0x11b obj/default/HexDisplay.o
                                        0x147 (size before relaxing)
 .debug_str     0x000000000000011b       0x4d obj/default/InterruptDemo.o
                                        0x162 (size before relaxing)
 .debug_str     0x0000000000000168       0x24 obj/default/buttonISR.o
                                        0x188 (size before relaxing)
 .debug_str     0x000000000000018c       0x48 obj/default/lcd.o
                                         0xc5 (size before relaxing)
 .debug_str     0x00000000000001d4       0x41 obj/default/seven_seg_bcd.o
                                        0x15d (size before relaxing)
 .debug_str     0x0000000000000215       0x2d obj/default/seven_seg_hex.o
                                        0x158 (size before relaxing)
 .debug_str     0x0000000000000242       0x14 obj/default/timerISR.o
                                        0x11b (size before relaxing)
 .debug_str     0x0000000000000256      0x169 c:/altera/16.0/nios2eds/bin/gnu/h-x86_64-mingw32/bin/../lib/gcc/nios2-elf/5.2.0/../../../../../H-x86_64-mingw32/nios2-elf/lib/mhw-mulx\libc.a(lib_a-memcpy.o)
                                        0x207 (size before relaxing)
 .debug_str     0x00000000000003bf      0x12b C:/Users/ssoria01/Documents/InterruptsNIOS_bsp/\libhal_bsp.a(alt_irq_register.o)
                                        0x209 (size before relaxing)
 .debug_str     0x00000000000004ea       0x17 C:/Users/ssoria01/Documents/InterruptsNIOS_bsp/\libhal_bsp.a(alt_irq_vars.o)
                                        0x13b (size before relaxing)
 .debug_str     0x0000000000000501       0xe9 C:/Users/ssoria01/Documents/InterruptsNIOS_bsp/\libhal_bsp.a(alt_load.o)
                                        0x213 (size before relaxing)
 .debug_str     0x00000000000005ea       0x70 C:/Users/ssoria01/Documents/InterruptsNIOS_bsp/\libhal_bsp.a(alt_main.o)
                                        0x1c7 (size before relaxing)
 .debug_str     0x000000000000065a      0x502 C:/Users/ssoria01/Documents/InterruptsNIOS_bsp/\libhal_bsp.a(alt_sys_init.o)
                                        0x6fb (size before relaxing)
 .debug_str     0x0000000000000b5c       0xb9 C:/Users/ssoria01/Documents/InterruptsNIOS_bsp/\libhal_bsp.a(altera_avalon_jtag_uart_fd.o)
                                        0x3a5 (size before relaxing)